Archive member included to satisfy reference by file (symbol)

c:/program files (x86)/atmel/studio/7.0/toolchain/arm/arm-gnu-toolchain/bin/../lib/gcc/arm-none-eabi/6.3.1/thumb/v7e-m\libgcc.a(_aeabi_uldivmod.o)
                              src/main.o (__aeabi_uldivmod)
c:/program files (x86)/atmel/studio/7.0/toolchain/arm/arm-gnu-toolchain/bin/../lib/gcc/arm-none-eabi/6.3.1/thumb/v7e-m\libgcc.a(_udivmoddi4.o)
                              c:/program files (x86)/atmel/studio/7.0/toolchain/arm/arm-gnu-toolchain/bin/../lib/gcc/arm-none-eabi/6.3.1/thumb/v7e-m\libgcc.a(_aeabi_uldivmod.o) (__udivmoddi4)
c:/program files (x86)/atmel/studio/7.0/toolchain/arm/arm-gnu-toolchain/bin/../lib/gcc/arm-none-eabi/6.3.1/thumb/v7e-m\libgcc.a(_dvmd_tls.o)
                              c:/program files (x86)/atmel/studio/7.0/toolchain/arm/arm-gnu-toolchain/bin/../lib/gcc/arm-none-eabi/6.3.1/thumb/v7e-m\libgcc.a(_aeabi_uldivmod.o) (__aeabi_ldiv0)
c:/program files (x86)/atmel/studio/7.0/toolchain/arm/arm-gnu-toolchain/bin/../lib/gcc/arm-none-eabi/6.3.1/../../../../arm-none-eabi/lib/thumb/v7e-m\libc.a(lib_a-exit.o)
                              c:/program files (x86)/atmel/studio/7.0/toolchain/arm/arm-gnu-toolchain/bin/../lib/gcc/arm-none-eabi/6.3.1/../../../../arm-none-eabi/lib/thumb/v7e-m/crt0.o (exit)
c:/program files (x86)/atmel/studio/7.0/toolchain/arm/arm-gnu-toolchain/bin/../lib/gcc/arm-none-eabi/6.3.1/../../../../arm-none-eabi/lib/thumb/v7e-m\libc.a(lib_a-impure.o)
                              c:/program files (x86)/atmel/studio/7.0/toolchain/arm/arm-gnu-toolchain/bin/../lib/gcc/arm-none-eabi/6.3.1/../../../../arm-none-eabi/lib/thumb/v7e-m\libc.a(lib_a-exit.o) (_global_impure_ptr)
c:/program files (x86)/atmel/studio/7.0/toolchain/arm/arm-gnu-toolchain/bin/../lib/gcc/arm-none-eabi/6.3.1/../../../../arm-none-eabi/lib/thumb/v7e-m\libc.a(lib_a-init.o)
                              c:/program files (x86)/atmel/studio/7.0/toolchain/arm/arm-gnu-toolchain/bin/../lib/gcc/arm-none-eabi/6.3.1/../../../../arm-none-eabi/lib/thumb/v7e-m/crt0.o (__libc_init_array)
c:/program files (x86)/atmel/studio/7.0/toolchain/arm/arm-gnu-toolchain/bin/../lib/gcc/arm-none-eabi/6.3.1/../../../../arm-none-eabi/lib/thumb/v7e-m\libc.a(lib_a-memset.o)
                              c:/program files (x86)/atmel/studio/7.0/toolchain/arm/arm-gnu-toolchain/bin/../lib/gcc/arm-none-eabi/6.3.1/../../../../arm-none-eabi/lib/thumb/v7e-m/crt0.o (memset)
c:/program files (x86)/atmel/studio/7.0/toolchain/arm/arm-gnu-toolchain/bin/../lib/gcc/arm-none-eabi/6.3.1/../../../../arm-none-eabi/lib/thumb/v7e-m\libc.a(lib_a-__call_atexit.o)
                              c:/program files (x86)/atmel/studio/7.0/toolchain/arm/arm-gnu-toolchain/bin/../lib/gcc/arm-none-eabi/6.3.1/../../../../arm-none-eabi/lib/thumb/v7e-m\libc.a(lib_a-exit.o) (__call_exitprocs)
c:/program files (x86)/atmel/studio/7.0/toolchain/arm/arm-gnu-toolchain/bin/../lib/gcc/arm-none-eabi/6.3.1/../../../../arm-none-eabi/lib/thumb/v7e-m\libc.a(lib_a-atexit.o)
                              c:/program files (x86)/atmel/studio/7.0/toolchain/arm/arm-gnu-toolchain/bin/../lib/gcc/arm-none-eabi/6.3.1/../../../../arm-none-eabi/lib/thumb/v7e-m\libc.a(lib_a-__call_atexit.o) (atexit)
c:/program files (x86)/atmel/studio/7.0/toolchain/arm/arm-gnu-toolchain/bin/../lib/gcc/arm-none-eabi/6.3.1/../../../../arm-none-eabi/lib/thumb/v7e-m\libc.a(lib_a-fini.o)
                              c:/program files (x86)/atmel/studio/7.0/toolchain/arm/arm-gnu-toolchain/bin/../lib/gcc/arm-none-eabi/6.3.1/../../../../arm-none-eabi/lib/thumb/v7e-m\libc.a(lib_a-__call_atexit.o) (__libc_fini_array)
c:/program files (x86)/atmel/studio/7.0/toolchain/arm/arm-gnu-toolchain/bin/../lib/gcc/arm-none-eabi/6.3.1/../../../../arm-none-eabi/lib/thumb/v7e-m\libc.a(lib_a-lock.o)
                              c:/program files (x86)/atmel/studio/7.0/toolchain/arm/arm-gnu-toolchain/bin/../lib/gcc/arm-none-eabi/6.3.1/../../../../arm-none-eabi/lib/thumb/v7e-m\libc.a(lib_a-__call_atexit.o) (__retarget_lock_acquire_recursive)
c:/program files (x86)/atmel/studio/7.0/toolchain/arm/arm-gnu-toolchain/bin/../lib/gcc/arm-none-eabi/6.3.1/../../../../arm-none-eabi/lib/thumb/v7e-m\libc.a(lib_a-__atexit.o)
                              c:/program files (x86)/atmel/studio/7.0/toolchain/arm/arm-gnu-toolchain/bin/../lib/gcc/arm-none-eabi/6.3.1/../../../../arm-none-eabi/lib/thumb/v7e-m\libc.a(lib_a-atexit.o) (__register_exitproc)

Allocating common symbols
Common symbol       size              file

__lock___atexit_recursive_mutex
                    0x1               c:/program files (x86)/atmel/studio/7.0/toolchain/arm/arm-gnu-toolchain/bin/../lib/gcc/arm-none-eabi/6.3.1/../../../../arm-none-eabi/lib/thumb/v7e-m\libc.a(lib_a-lock.o)
__lock___arc4random_mutex
                    0x1               c:/program files (x86)/atmel/studio/7.0/toolchain/arm/arm-gnu-toolchain/bin/../lib/gcc/arm-none-eabi/6.3.1/../../../../arm-none-eabi/lib/thumb/v7e-m\libc.a(lib_a-lock.o)
[...]
Memory Configuration

Name             Origin             Length             Attributes
rom              0x00400000         0x00200000         xr
ram              0x20400000         0x00060000         xrw
*default*        0x00000000         0xffffffff

Linker script and memory map

LOAD c:/program files (x86)/atmel/studio/7.0/toolchain/arm/arm-gnu-toolchain/bin/../lib/gcc/arm-none-eabi/6.3.1/thumb/v7e-m/crti.o
LOAD c:/program files (x86)/atmel/studio/7.0/toolchain/arm/arm-gnu-toolchain/bin/../lib/gcc/arm-none-eabi/6.3.1/thumb/v7e-m/crtbegin.o
LOAD c:/program files (x86)/atmel/studio/7.0/toolchain/arm/arm-gnu-toolchain/bin/../lib/gcc/arm-none-eabi/6.3.1/../../../../arm-none-eabi/lib/thumb/v7e-m/crt0.o
LOAD src/ASF/common/services/clock/same70/sysclk.o
LOAD src/ASF/common/services/delay/sam/cycle_counter.o
LOAD src/ASF/common/utils/interrupt/interrupt_sam_nvic.o
LOAD src/ASF/sam/drivers/mpu/mpu.o
LOAD src/ASF/sam/drivers/pio/pio.o
LOAD src/ASF/sam/drivers/pio/pio_handler.o
LOAD src/ASF/sam/drivers/pmc/pmc.o
LOAD src/ASF/sam/drivers/pmc/sleep.o
LOAD src/ASF/sam/utils/cmsis/same70/source/templates/gcc/startup_same70.o
LOAD src/ASF/sam/utils/cmsis/same70/source/templates/system_same70.o
LOAD src/ASF/sam/utils/syscalls/gcc/syscalls.o
LOAD src/main.o
START GROUP
LOAD ../src/ASF/thirdparty/CMSIS/Lib/GCC\libarm_cortexM7lfsp_math_softfp.a
LOAD c:/program files (x86)/atmel/studio/7.0/toolchain/arm/arm-gnu-toolchain/bin/../lib/gcc/arm-none-eabi/6.3.1/../../../../arm-none-eabi/lib/thumb/v7e-m\libm.a
END GROUP
START GROUP
LOAD c:/program files (x86)/atmel/studio/7.0/toolchain/arm/arm-gnu-toolchain/bin/../lib/gcc/arm-none-eabi/6.3.1/thumb/v7e-m\libgcc.a
LOAD c:/program files (x86)/atmel/studio/7.0/toolchain/arm/arm-gnu-toolchain/bin/../lib/gcc/arm-none-eabi/6.3.1/../../../../arm-none-eabi/lib/thumb/v7e-m\libc.a
END GROUP
LOAD c:/program files (x86)/atmel/studio/7.0/toolchain/arm/arm-gnu-toolchain/bin/../lib/gcc/arm-none-eabi/6.3.1/thumb/v7e-m/crtend.o
LOAD c:/program files (x86)/atmel/studio/7.0/toolchain/arm/arm-gnu-toolchain/bin/../lib/gcc/arm-none-eabi/6.3.1/thumb/v7e-m/crtn.o
                0x00002000                STACK_SIZE = DEFINED (STACK_SIZE)?STACK_SIZE:0x2000
                0x2045fffc                __ram_end__ = ((ORIGIN (ram) + LENGTH (ram)) - 0x4)
                0x00000200                HEAP_SIZE = DEFINED (HEAP_SIZE)?HEAP_SIZE:0x200

.text           0x00400000     0x16d0
                0x00400000                . = ALIGN (0x4)
                0x00400000                _sfixed = .
 *(.vectors .vectors.*)
 .vectors       0x00400000      0x140 src/ASF/sam/utils/cmsis/same70/source/templates/gcc/startup_same70.o
                0x00400000                exception_table
 *(.text .text.* .gnu.linkonce.t.*)
 .text          0x00400140       0x6c c:/program files (x86)/atmel/studio/7.0/toolchain/arm/arm-gnu-toolchain/bin/../lib/gcc/arm-none-eabi/6.3.1/thumb/v7e-m/crtbegin.o
 .text.sysclk_init
                0x004001ac       0x70 src/ASF/common/services/clock/same70/sysclk.o
                0x004001ac                sysclk_init
 .text.pio_set  0x0040021c        0x4 src/ASF/sam/drivers/pio/pio.o
                0x0040021c                pio_set
 .text.pio_clear
                0x00400220        0x4 src/ASF/sam/drivers/pio/pio.o
                0x00400220                pio_clear
 .text.pio_set_peripheral
                0x00400224       0x92 src/ASF/sam/drivers/pio/pio.o
                0x00400224                pio_set_peripheral
 .text.pio_set_input
                0x004002b6       0x36 src/ASF/sam/drivers/pio/pio.o
                0x004002b6                pio_set_input
 .text.pio_set_output
                0x004002ec       0x28 src/ASF/sam/drivers/pio/pio.o
                0x004002ec                pio_set_output
 .text.pio_configure
                0x00400314       0x90 src/ASF/sam/drivers/pio/pio.o
                0x00400314                pio_configure
 .text.pio_configure_interrupt
                0x004003a4       0x32 src/ASF/sam/drivers/pio/pio.o
                0x004003a4                pio_configure_interrupt
 .text.pio_enable_interrupt
                0x004003d6        0x4 src/ASF/sam/drivers/pio/pio.o
                0x004003d6                pio_enable_interrupt
 .text.pio_get_interrupt_status
                0x004003da        0x4 src/ASF/sam/drivers/pio/pio.o
                0x004003da                pio_get_interrupt_status
 .text.pio_get_interrupt_mask
                0x004003de        0x4 src/ASF/sam/drivers/pio/pio.o
                0x004003de                pio_get_interrupt_mask
 *fill*         0x004003e2        0x2 
 .text.pio_handler_process
                0x004003e4       0x50 src/ASF/sam/drivers/pio/pio_handler.o
                0x004003e4                pio_handler_process
 .text.pio_handler_set
                0x00400434       0x70 src/ASF/sam/drivers/pio/pio_handler.o
                0x00400434                pio_handler_set
 .text.PIOA_Handler
                0x004004a4       0x14 src/ASF/sam/drivers/pio/pio_handler.o
                0x004004a4                PIOA_Handler
 .text.PIOB_Handler
                0x004004b8       0x14 src/ASF/sam/drivers/pio/pio_handler.o
                0x004004b8                PIOB_Handler
 .text.PIOC_Handler
                0x004004cc       0x14 src/ASF/sam/drivers/pio/pio_handler.o
                0x004004cc                PIOC_Handler
 .text.PIOD_Handler
                0x004004e0       0x14 src/ASF/sam/drivers/pio/pio_handler.o
                0x004004e0                PIOD_Handler
 .text.PIOE_Handler
                0x004004f4       0x14 src/ASF/sam/drivers/pio/pio_handler.o
                0x004004f4                PIOE_Handler
 .text.pmc_mck_set_division
                0x00400508       0x38 src/ASF/sam/drivers/pmc/pmc.o
                0x00400508                pmc_mck_set_division
 .text.pmc_switch_mck_to_pllack
                0x00400540       0x64 src/ASF/sam/drivers/pmc/pmc.o
                0x00400540                pmc_switch_mck_to_pllack
 .text.pmc_switch_mainck_to_xtal
                0x004005a4       0x54 src/ASF/sam/drivers/pmc/pmc.o
                0x004005a4                pmc_switch_mainck_to_xtal
 .text.pmc_osc_is_ready_mainck
                0x004005f8       0x10 src/ASF/sam/drivers/pmc/pmc.o
                0x004005f8                pmc_osc_is_ready_mainck
 .text.pmc_disable_pllack
                0x00400608       0x10 src/ASF/sam/drivers/pmc/pmc.o
                0x00400608                pmc_disable_pllack
 .text.pmc_is_locked_pllack
                0x00400618       0x10 src/ASF/sam/drivers/pmc/pmc.o
                0x00400618                pmc_is_locked_pllack
 .text.pmc_enable_periph_clk
                0x00400628       0x54 src/ASF/sam/drivers/pmc/pmc.o
                0x00400628                pmc_enable_periph_clk
 .text.pmc_set_flash_in_wait_mode
                0x0040067c        0x2 src/ASF/sam/drivers/pmc/pmc.o
                0x0040067c                pmc_set_flash_in_wait_mode
 *fill*         0x0040067e        0x2 
 .text.pmc_enable_waitmode
                0x00400680       0x4c src/ASF/sam/drivers/pmc/pmc.o
                0x00400680                pmc_enable_waitmode
 .text.pmc_sleep
                0x004006cc      0x270 src/ASF/sam/drivers/pmc/sleep.o
                0x004006cc                pmc_sleep
 .text.Dummy_Handler
                0x0040093c        0x2 src/ASF/sam/utils/cmsis/same70/source/templates/gcc/startup_same70.o
                0x0040093c                DACC_Handler
                0x0040093c                DebugMon_Handler
                0x0040093c                UART3_Handler
                0x0040093c                UART2_Handler
                0x0040093c                TRNG_Handler
                0x0040093c                HardFault_Handler
                0x0040093c                TC2_Handler
                0x0040093c                SysTick_Handler
                0x0040093c                AFEC1_Handler
                0x0040093c                PendSV_Handler
                0x0040093c                NMI_Handler
                0x0040093c                TC7_Handler
                0x0040093c                QSPI_Handler
                0x0040093c                ISI_Handler
                0x0040093c                TC9_Handler
                0x0040093c                RSWDT_Handler
                0x0040093c                MCAN1_Handler
                0x0040093c                USART0_Handler
                0x0040093c                RTT_Handler
                0x0040093c                USBHS_Handler
                0x0040093c                RTC_Handler
                0x0040093c                UsageFault_Handler
                0x0040093c                TC6_Handler
                0x0040093c                WDT_Handler
                0x0040093c                TC4_Handler
                0x0040093c                TC1_Handler
                0x0040093c                HSMCI_Handler
                0x0040093c                UART1_Handler
                0x0040093c                TC3_Handler
                0x0040093c                Dummy_Handler
                0x0040093c                TWIHS1_Handler
                0x0040093c                XDMAC_Handler
                0x0040093c                UART4_Handler
                0x0040093c                PWM1_Handler
                0x0040093c                USART1_Handler
                0x0040093c                PWM0_Handler
                0x0040093c                AFEC0_Handler
                0x0040093c                SSC_Handler
                0x0040093c                TC11_Handler
                0x0040093c                ACC_Handler
                0x0040093c                PMC_Handler
                0x0040093c                GMAC_Handler
                0x0040093c                MemManage_Handler
                0x0040093c                SUPC_Handler
                0x0040093c                SVC_Handler
                0x0040093c                TC8_Handler
                0x0040093c                EFC_Handler
                0x0040093c                USART2_Handler
                0x0040093c                SDRAMC_Handler
                0x0040093c                SPI1_Handler
                0x0040093c                MCAN0_Handler
                0x0040093c                TC10_Handler
                0x0040093c                TWIHS2_Handler
                0x0040093c                UART0_Handler
                0x0040093c                BusFault_Handler
                0x0040093c                RSTC_Handler
                0x0040093c                TC0_Handler
                0x0040093c                TC5_Handler
                0x0040093c                ICM_Handler
                0x0040093c                AES_Handler
                0x0040093c                TWIHS0_Handler
                0x0040093c                SPI0_Handler
 *fill*         0x0040093e        0x2 
 .text.Reset_Handler
                0x00400940       0xc8 src/ASF/sam/utils/cmsis/same70/source/templates/gcc/startup_same70.o
                0x00400940                Reset_Handler
 .text.SystemCoreClockUpdate
                0x00400a08      0x10c src/ASF/sam/utils/cmsis/same70/source/templates/system_same70.o
                0x00400a08                SystemCoreClockUpdate
 .text.system_init_flash
                0x00400b14       0x74 src/ASF/sam/utils/cmsis/same70/source/templates/system_same70.o
                0x00400b14                system_init_flash
 .text.BUT_callback
                0x00400b88        0xc src/main.o
                0x00400b88                BUT_callback
 .text.XBUT1_callback
                0x00400b94        0xc src/main.o
                0x00400b94                XBUT1_callback
 .text.XBUT2_callback
                0x00400ba0        0xc src/main.o
                0x00400ba0                XBUT2_callback
 .text.XBUT3_callback
                0x00400bac        0xc src/main.o
                0x00400bac                XBUT3_callback
 .text.freq     0x00400bb8       0xcc src/main.o
                0x00400bb8                freq
 .text.pause_play
                0x00400c84       0xec src/main.o
                0x00400c84                pause_play
 .text.norm_play
                0x00400d70       0xdc src/main.o
                0x00400d70                norm_play
 .text.init     0x00400e4c      0x1e4 src/main.o
                0x00400e4c                init
 .text.main     0x00401030      0x1f8 src/main.o
                0x00401030                main
 .text          0x00401228       0x30 c:/program files (x86)/atmel/studio/7.0/toolchain/arm/arm-gnu-toolchain/bin/../lib/gcc/arm-none-eabi/6.3.1/thumb/v7e-m\libgcc.a(_aeabi_uldivmod.o)
                0x00401228                __aeabi_uldivmod
 .text          0x00401258      0x2dc c:/program files (x86)/atmel/studio/7.0/toolchain/arm/arm-gnu-toolchain/bin/../lib/gcc/arm-none-eabi/6.3.1/thumb/v7e-m\libgcc.a(_udivmoddi4.o)
                0x00401258                __udivmoddi4
 .text          0x00401534        0x4 c:/program files (x86)/atmel/studio/7.0/toolchain/arm/arm-gnu-toolchain/bin/../lib/gcc/arm-none-eabi/6.3.1/thumb/v7e-m\libgcc.a(_dvmd_tls.o)
                0x00401534                __aeabi_idiv0
                0x00401534                __aeabi_ldiv0
 .text.__libc_init_array
                0x00401538       0x50 c:/program files (x86)/atmel/studio/7.0/toolchain/arm/arm-gnu-toolchain/bin/../lib/gcc/arm-none-eabi/6.3.1/../../../../arm-none-eabi/lib/thumb/v7e-m\libc.a(lib_a-init.o)
                0x00401538                __libc_init_array
 .text.startup.register_fini
                0x00401588       0x14 c:/program files (x86)/atmel/studio/7.0/toolchain/arm/arm-gnu-toolchain/bin/../lib/gcc/arm-none-eabi/6.3.1/../../../../arm-none-eabi/lib/thumb/v7e-m\libc.a(lib_a-__call_atexit.o)
 .text.atexit   0x0040159c        0xc c:/program files (x86)/atmel/studio/7.0/toolchain/arm/arm-gnu-toolchain/bin/../lib/gcc/arm-none-eabi/6.3.1/../../../../arm-none-eabi/lib/thumb/v7e-m\libc.a(lib_a-atexit.o)
                0x0040159c                atexit
 .text.__libc_fini_array
                0x004015a8       0x34 c:/program files (x86)/atmel/studio/7.0/toolchain/arm/arm-gnu-toolchain/bin/../lib/gcc/arm-none-eabi/6.3.1/../../../../arm-none-eabi/lib/thumb/v7e-m\libc.a(lib_a-fini.o)
                0x004015a8                __libc_fini_array
 .text.__retarget_lock_acquire_recursive
                0x004015dc        0x4 c:/program files (x86)/atmel/studio/7.0/toolchain/arm/arm-gnu-toolchain/bin/../lib/gcc/arm-none-eabi/6.3.1/../../../../arm-none-eabi/lib/thumb/v7e-m\libc.a(lib_a-lock.o)
                0x004015dc                __retarget_lock_acquire_recursive
 .text.__retarget_lock_release_recursive
                0x004015e0        0x4 c:/program files (x86)/atmel/studio/7.0/toolchain/arm/arm-gnu-toolchain/bin/../lib/gcc/arm-none-eabi/6.3.1/../../../../arm-none-eabi/lib/thumb/v7e-m\libc.a(lib_a-lock.o)
                0x004015e0                __retarget_lock_release_recursive
 .text.__register_exitproc
                0x004015e4       0xc4 c:/program files (x86)/atmel/studio/7.0/toolchain/arm/arm-gnu-toolchain/bin/../lib/gcc/arm-none-eabi/6.3.1/../../../../arm-none-eabi/lib/thumb/v7e-m\libc.a(lib_a-__atexit.o)
                0x004015e4                __register_exitproc
 *(.glue_7t)
 .glue_7t       0x004016a8        0x0 linker stubs
 *(.glue_7)
 .glue_7        0x004016a8        0x0 linker stubs
 *(.rodata .rodata* .gnu.linkonce.r.*)
 .rodata._global_impure_ptr
                0x004016a8        0x4 c:/program files (x86)/atmel/studio/7.0/toolchain/arm/arm-gnu-toolchain/bin/../lib/gcc/arm-none-eabi/6.3.1/../../../../arm-none-eabi/lib/thumb/v7e-m\libc.a(lib_a-impure.o)
                0x004016a8                _global_impure_ptr
 *(.ARM.extab* .gnu.linkonce.armextab.*)
                0x004016ac                . = ALIGN (0x4)
 *(.init)
 .init          0x004016ac        0x4 c:/program files (x86)/atmel/studio/7.0/toolchain/arm/arm-gnu-toolchain/bin/../lib/gcc/arm-none-eabi/6.3.1/thumb/v7e-m/crti.o
                0x004016ac                _init
 .init          0x004016b0        0x8 c:/program files (x86)/atmel/studio/7.0/toolchain/arm/arm-gnu-toolchain/bin/../lib/gcc/arm-none-eabi/6.3.1/thumb/v7e-m/crtn.o
                0x004016b8                . = ALIGN (0x4)
                0x004016b8                __preinit_array_start = .
 *(.preinit_array)
                0x004016b8                __preinit_array_end = .
                0x004016b8                . = ALIGN (0x4)
                0x004016b8                __init_array_start = .
 *(SORT(.init_array.*))
 .init_array.00000
                0x004016b8        0x4 c:/program files (x86)/atmel/studio/7.0/toolchain/arm/arm-gnu-toolchain/bin/../lib/gcc/arm-none-eabi/6.3.1/../../../../arm-none-eabi/lib/thumb/v7e-m\libc.a(lib_a-__call_atexit.o)
 *(.init_array)
 .init_array    0x004016bc        0x4 c:/program files (x86)/atmel/studio/7.0/toolchain/arm/arm-gnu-toolchain/bin/../lib/gcc/arm-none-eabi/6.3.1/thumb/v7e-m/crtbegin.o
                0x004016c0                __init_array_end = .
                0x004016c0                . = ALIGN (0x4)
 *crtbegin.o(.ctors)
 *(EXCLUDE_FILE(*crtend.o) .ctors)
 *(SORT(.ctors.*))
 *crtend.o(.ctors)
                0x004016c0                . = ALIGN (0x4)
 *(.fini)
 .fini          0x004016c0        0x4 c:/program files (x86)/atmel/studio/7.0/toolchain/arm/arm-gnu-toolchain/bin/../lib/gcc/arm-none-eabi/6.3.1/thumb/v7e-m/crti.o
                0x004016c0                _fini
 .fini          0x004016c4        0x8 c:/program files (x86)/atmel/studio/7.0/toolchain/arm/arm-gnu-toolchain/bin/../lib/gcc/arm-none-eabi/6.3.1/thumb/v7e-m/crtn.o
                0x004016cc                . = ALIGN (0x4)
                0x004016cc                __fini_array_start = .
 *(.fini_array)
 .fini_array    0x004016cc        0x4 c:/program files (x86)/atmel/studio/7.0/toolchain/arm/arm-gnu-toolchain/bin/../lib/gcc/arm-none-eabi/6.3.1/thumb/v7e-m/crtbegin.o
 *(SORT(.fini_array.*))
                0x004016d0                __fini_array_end = .
 *crtbegin.o(.dtors)
 *(EXCLUDE_FILE(*crtend.o) .dtors)
 *(SORT(.dtors.*))
 *crtend.o(.dtors)
                0x004016d0                . = ALIGN (0x4)
                0x004016d0                _efixed = .
                [!provide]                PROVIDE (__exidx_start, .)

.vfp11_veneer   0x004016d0        0x0
 .vfp11_veneer  0x004016d0        0x0 linker stubs

.v4_bx          0x004016d0        0x0
 .v4_bx         0x004016d0        0x0 linker stubs

.iplt           0x004016d0        0x0
 .iplt          0x004016d0        0x0 c:/program files (x86)/atmel/studio/7.0/toolchain/arm/arm-gnu-toolchain/bin/../lib/gcc/arm-none-eabi/6.3.1/thumb/v7e-m/crtbegin.o

.ARM.exidx      0x004016d0        0x8
 *(.ARM.exidx* .gnu.linkonce.armexidx.*)
 .ARM.exidx     0x004016d0        0x8 c:/program files (x86)/atmel/studio/7.0/toolchain/arm/arm-gnu-toolchain/bin/../lib/gcc/arm-none-eabi/6.3.1/thumb/v7e-m\libgcc.a(_udivmoddi4.o)
                [!provide]                PROVIDE (__exidx_end, .)

.eh_frame       0x004016d8        0x0
 .eh_frame      0x004016d8        0x0 c:/program files (x86)/atmel/studio/7.0/toolchain/arm/arm-gnu-toolchain/bin/../lib/gcc/arm-none-eabi/6.3.1/thumb/v7e-m/crtbegin.o

.rel.dyn        0x004016d8        0x0
 .rel.iplt      0x004016d8        0x0 c:/program files (x86)/atmel/studio/7.0/toolchain/arm/arm-gnu-toolchain/bin/../lib/gcc/arm-none-eabi/6.3.1/thumb/v7e-m/crtbegin.o

.jcr            0x004016d8        0x0
 .jcr           0x004016d8        0x0 c:/program files (x86)/atmel/studio/7.0/toolchain/arm/arm-gnu-toolchain/bin/../lib/gcc/arm-none-eabi/6.3.1/thumb/v7e-m/crtbegin.o

.igot.plt       0x004016d8        0x0
 .igot.plt      0x004016d8        0x0 c:/program files (x86)/atmel/studio/7.0/toolchain/arm/arm-gnu-toolchain/bin/../lib/gcc/arm-none-eabi/6.3.1/thumb/v7e-m/crtbegin.o
                0x004016d8                . = ALIGN (0x4)
                0x004016d8                _etext = .

.relocate       0x20400000      0xcf4 load address 0x004016d8
                0x20400000                . = ALIGN (0x4)
                0x20400000                _srelocate = .
 *(.ramfunc .ramfunc.*)
 .ramfunc       0x20400000        0xa src/ASF/common/services/delay/sam/cycle_counter.o
                0x20400000                portable_delay_cycles
 *(.data .data.*)
 .data.g_interrupt_enabled
                0x2040000a        0x1 src/ASF/common/utils/interrupt/interrupt_sam_nvic.o
                0x2040000a                g_interrupt_enabled
 *fill*         0x2040000b        0x1 
 .data.SystemCoreClock
                0x2040000c        0x4 src/ASF/sam/utils/cmsis/same70/source/templates/system_same70.o
                0x2040000c                SystemCoreClock
 .data.imperial_march_notes
                0x20400010       0x50 src/main.o
                0x20400010                imperial_march_notes
 .data.imperial_march_tempo
                0x20400060       0x50 src/main.o
                0x20400060                imperial_march_tempo
 .data.pirate_notes
                0x204000b0      0x32c src/main.o
                0x204000b0                pirate_notes
 .data.pirate_tempo
                0x204003dc      0x32c src/main.o
                0x204003dc                pirate_tempo
 .data.underworld_melody
                0x20400708       0xe0 src/main.o
                0x20400708                underworld_melody
 .data.underworld_tempo
                0x204007e8       0xe0 src/main.o
                0x204007e8                underworld_tempo
 .data.impure_data
                0x204008c8      0x428 c:/program files (x86)/atmel/studio/7.0/toolchain/arm/arm-gnu-toolchain/bin/../lib/gcc/arm-none-eabi/6.3.1/../../../../arm-none-eabi/lib/thumb/v7e-m\libc.a(lib_a-impure.o)
 .data.__atexit_recursive_mutex
                0x20400cf0        0x4 c:/program files (x86)/atmel/studio/7.0/toolchain/arm/arm-gnu-toolchain/bin/../lib/gcc/arm-none-eabi/6.3.1/../../../../arm-none-eabi/lib/thumb/v7e-m\libc.a(lib_a-__call_atexit.o)
                0x20400cf0                __atexit_recursive_mutex
                0x20400cf4                . = ALIGN (0x4)
                0x20400cf4                _erelocate = .

.bss            0x20400cf4       0xc0 load address 0x004023cc
                0x20400cf4                . = ALIGN (0x4)
                0x20400cf4                _sbss = .
                0x20400cf4                _szero = .
 *(.bss .bss.*)
 .bss           0x20400cf4       0x1c c:/program files (x86)/atmel/studio/7.0/toolchain/arm/arm-gnu-toolchain/bin/../lib/gcc/arm-none-eabi/6.3.1/thumb/v7e-m/crtbegin.o
 .bss.gs_interrupt_sources
                0x20400d10       0x70 src/ASF/sam/drivers/pio/pio_handler.o
 .bss.gs_ul_nb_sources
                0x20400d80        0x4 src/ASF/sam/drivers/pio/pio_handler.o
 .bss.b_is_sleep_clock_used
                0x20400d84        0x1 src/ASF/sam/drivers/pmc/sleep.o
 *fill*         0x20400d85        0x3 
 .bss.callback_clocks_restored
                0x20400d88        0x4 src/ASF/sam/drivers/pmc/sleep.o
 .bss.BUT_flag  0x20400d8c        0x1 src/main.o
                0x20400d8c                BUT_flag
 .bss.XBUT1_flag
                0x20400d8d        0x1 src/main.o
                0x20400d8d                XBUT1_flag
 .bss.XBUT2_flag
                0x20400d8e        0x1 src/main.o
                0x20400d8e                XBUT2_flag
 .bss.XBUT3_flag
                0x20400d8f        0x1 src/main.o
                0x20400d8f                XBUT3_flag
 *(COMMON)
 COMMON         0x20400d90       0x21 c:/program files (x86)/atmel/studio/7.0/toolchain/arm/arm-gnu-toolchain/bin/../lib/gcc/arm-none-eabi/6.3.1/../../../../arm-none-eabi/lib/thumb/v7e-m\libc.a(lib_a-lock.o)
                0x20400d90                __lock___atexit_recursive_mutex
                0x20400d94                __lock___arc4random_mutex
                0x20400d98                __lock___env_recursive_mutex
                0x20400d9c                __lock___sinit_recursive_mutex
                0x20400da0                __lock___malloc_recursive_mutex
                0x20400da4                __lock___at_quick_exit_mutex
                0x20400da8                __lock___dd_hash_mutex
                0x20400dac                __lock___tz_mutex
                0x20400db0                __lock___sfp_recursive_mutex
                0x20400db4                . = ALIGN (0x4)
 *fill*         0x20400db1        0x3 
                0x20400db4                _ebss = .
                0x20400db4                _ezero = .

.stack          0x20400db4     0x2004 load address 0x0040248c
                0x20400db8                . = ALIGN (0x8)
 *fill*         0x20400db4        0x4 
                0x20400db8                _sstack = .
                0x20402db8                . = (. + STACK_SIZE)
 *fill*         0x20400db8     0x2000 
                0x20402db8                . = ALIGN (0x8)
                0x20402db8                _estack = .

.heap           0x20402db8      0x200 load address 0x00404490
                0x20402db8                . = ALIGN (0x8)
                0x20402db8                _sheap = .
                0x20402fb8                . = (. + HEAP_SIZE)
 *fill*         0x20402db8      0x200 
                0x20402fb8                . = ALIGN (0x8)
                0x20402fb8                _eheap = .
                0x20402fb8                . = ALIGN (0x4)
                0x20402fb8                _end = .
                0x2045ffff                _ram_end_ = ((ORIGIN (ram) + LENGTH (ram)) - 0x1)
OUTPUT(SAME70.elf elf32-littlearm)

.ARM.attributes
                0x00000000       0x2e
 .ARM.attributes
                0x00000000       0x1e c:/program files (x86)/atmel/studio/7.0/toolchain/arm/arm-gnu-toolchain/bin/../lib/gcc/arm-none-eabi/6.3.1/thumb/v7e-m/crti.o
 .ARM.attributes
                0x0000001e       0x2e c:/program files (x86)/atmel/studio/7.0/toolchain/arm/arm-gnu-toolchain/bin/../lib/gcc/arm-none-eabi/6.3.1/thumb/v7e-m/crtbegin.o
 .ARM.attributes
                0x0000004c       0x37 src/ASF/common/services/clock/same70/sysclk.o
 .ARM.attributes
                0x00000083       0x37 src/ASF/common/services/delay/sam/cycle_counter.o
 .ARM.attributes
                0x000000ba       0x37 src/ASF/common/utils/interrupt/interrupt_sam_nvic.o
 .ARM.attributes
                0x000000f1       0x37 src/ASF/sam/drivers/pio/pio.o
 .ARM.attributes
                0x00000128       0x37 src/ASF/sam/drivers/pio/pio_handler.o
 .ARM.attributes
                0x0000015f       0x37 src/ASF/sam/drivers/pmc/pmc.o
 .ARM.attributes
                0x00000196       0x37 src/ASF/sam/drivers/pmc/sleep.o
 .ARM.attributes
                0x000001cd       0x37 src/ASF/sam/utils/cmsis/same70/source/templates/gcc/startup_same70.o
 .ARM.attributes
                0x00000204       0x37 src/ASF/sam/utils/cmsis/same70/source/templates/system_same70.o
 .ARM.attributes
                0x0000023b       0x37 src/main.o
 .ARM.attributes
                0x00000272       0x1e c:/program files (x86)/atmel/studio/7.0/toolchain/arm/arm-gnu-toolchain/bin/../lib/gcc/arm-none-eabi/6.3.1/thumb/v7e-m\libgcc.a(_aeabi_uldivmod.o)
 .ARM.attributes
                0x00000290       0x2e c:/program files (x86)/atmel/studio/7.0/toolchain/arm/arm-gnu-toolchain/bin/../lib/gcc/arm-none-eabi/6.3.1/thumb/v7e-m\libgcc.a(_udivmoddi4.o)
 .ARM.attributes
                0x000002be       0x1e c:/program files (x86)/atmel/studio/7.0/toolchain/arm/arm-gnu-toolchain/bin/../lib/gcc/arm-none-eabi/6.3.1/thumb/v7e-m\libgcc.a(_dvmd_tls.o)
 .ARM.attributes
                0x000002dc       0x2e c:/program files (x86)/atmel/studio/7.0/toolchain/arm/arm-gnu-toolchain/bin/../lib/gcc/arm-none-eabi/6.3.1/../../../../arm-none-eabi/lib/thumb/v7e-m\libc.a(lib_a-impure.o)
 .ARM.attributes
                0x0000030a       0x2e c:/program files (x86)/atmel/studio/7.0/toolchain/arm/arm-gnu-toolchain/bin/../lib/gcc/arm-none-eabi/6.3.1/../../../../arm-none-eabi/lib/thumb/v7e-m\libc.a(lib_a-init.o)
 .ARM.attributes
                0x00000338       0x2e c:/program files (x86)/atmel/studio/7.0/toolchain/arm/arm-gnu-toolchain/bin/../lib/gcc/arm-none-eabi/6.3.1/../../../../arm-none-eabi/lib/thumb/v7e-m\libc.a(lib_a-__call_atexit.o)
 .ARM.attributes
                0x00000366       0x2e c:/program files (x86)/atmel/studio/7.0/toolchain/arm/arm-gnu-toolchain/bin/../lib/gcc/arm-none-eabi/6.3.1/../../../../arm-none-eabi/lib/thumb/v7e-m\libc.a(lib_a-atexit.o)
 .ARM.attributes
                0x00000394       0x2e c:/program files (x86)/atmel/studio/7.0/toolchain/arm/arm-gnu-toolchain/bin/../lib/gcc/arm-none-eabi/6.3.1/../../../../arm-none-eabi/lib/thumb/v7e-m\libc.a(lib_a-fini.o)
 .ARM.attributes
                0x000003c2       0x2e c:/program files (x86)/atmel/studio/7.0/toolchain/arm/arm-gnu-toolchain/bin/../lib/gcc/arm-none-eabi/6.3.1/../../../../arm-none-eabi/lib/thumb/v7e-m\libc.a(lib_a-lock.o)
 .ARM.attributes
                0x000003f0       0x2e c:/program files (x86)/atmel/studio/7.0/toolchain/arm/arm-gnu-toolchain/bin/../lib/gcc/arm-none-eabi/6.3.1/../../../../arm-none-eabi/lib/thumb/v7e-m\libc.a(lib_a-__atexit.o)
 .ARM.attributes
                0x0000041e       0x1e c:/program files (x86)/atmel/studio/7.0/toolchain/arm/arm-gnu-toolchain/bin/../lib/gcc/arm-none-eabi/6.3.1/thumb/v7e-m/crtn.o

.comment        0x00000000       0x59
 .comment       0x00000000       0x59 src/ASF/common/services/clock/same70/sysclk.o
                                 0x5a (size before relaxing)
 .comment       0x00000059       0x5a src/ASF/common/services/delay/sam/cycle_counter.o
 .comment       0x00000059       0x5a src/ASF/common/utils/interrupt/interrupt_sam_nvic.o
 .comment       0x00000059       0x5a src/ASF/sam/drivers/pio/pio.o
 .comment       0x00000059       0x5a src/ASF/sam/drivers/pio/pio_handler.o
 .comment       0x00000059       0x5a src/ASF/sam/drivers/pmc/pmc.o
 .comment       0x00000059       0x5a src/ASF/sam/drivers/pmc/sleep.o
 .comment       0x00000059       0x5a src/ASF/sam/utils/cmsis/same70/source/templates/gcc/startup_same70.o
 .comment       0x00000059       0x5a src/ASF/sam/utils/cmsis/same70/source/templates/system_same70.o
 .comment       0x00000059       0x5a src/main.o

.debug_info     0x00000000     0xd8df
 .debug_info    0x00000000     0x1267 src/ASF/common/services/clock/same70/sysclk.o
 .debug_info    0x00001267      0xa45 src/ASF/common/services/delay/sam/cycle_counter.o
 .debug_info    0x00001cac      0xb01 src/ASF/common/utils/interrupt/interrupt_sam_nvic.o
 .debug_info    0x000027ad     0x2150 src/ASF/sam/drivers/pio/pio.o
 .debug_info    0x000048fd     0x1b22 src/ASF/sam/drivers/pio/pio_handler.o
 .debug_info    0x0000641f     0x1dd6 src/ASF/sam/drivers/pmc/pmc.o
 .debug_info    0x000081f5     0x1640 src/ASF/sam/drivers/pmc/sleep.o
 .debug_info    0x00009835     0x156a src/ASF/sam/utils/cmsis/same70/source/templates/gcc/startup_same70.o
 .debug_info    0x0000ad9f      0x55b src/ASF/sam/utils/cmsis/same70/source/templates/system_same70.o
 .debug_info    0x0000b2fa     0x25e5 src/main.o

.debug_abbrev   0x00000000     0x1c61
 .debug_abbrev  0x00000000      0x31f src/ASF/common/services/clock/same70/sysclk.o
 .debug_abbrev  0x0000031f      0x1b3 src/ASF/common/services/delay/sam/cycle_counter.o
 .debug_abbrev  0x000004d2      0x212 src/ASF/common/utils/interrupt/interrupt_sam_nvic.o
 .debug_abbrev  0x000006e4      0x410 src/ASF/sam/drivers/pio/pio.o
 .debug_abbrev  0x00000af4      0x32f src/ASF/sam/drivers/pio/pio_handler.o
 .debug_abbrev  0x00000e23      0x369 src/ASF/sam/drivers/pmc/pmc.o
 .debug_abbrev  0x0000118c      0x32b src/ASF/sam/drivers/pmc/sleep.o
 .debug_abbrev  0x000014b7      0x2e4 src/ASF/sam/utils/cmsis/same70/source/templates/gcc/startup_same70.o
 .debug_abbrev  0x0000179b      0x102 src/ASF/sam/utils/cmsis/same70/source/templates/system_same70.o
 .debug_abbrev  0x0000189d      0x3c4 src/main.o

.debug_loc      0x00000000     0x2c67
 .debug_loc     0x00000000      0x183 src/ASF/common/services/clock/same70/sysclk.o
 .debug_loc     0x00000183      0xea4 src/ASF/sam/drivers/pio/pio.o
 .debug_loc     0x00001027      0x588 src/ASF/sam/drivers/pio/pio_handler.o
 .debug_loc     0x000015af      0xce3 src/ASF/sam/drivers/pmc/pmc.o
 .debug_loc     0x00002292      0x389 src/ASF/sam/drivers/pmc/sleep.o
 .debug_loc     0x0000261b       0x77 src/ASF/sam/utils/cmsis/same70/source/templates/gcc/startup_same70.o
 .debug_loc     0x00002692      0x5d5 src/main.o

.debug_aranges  0x00000000      0x5c8
 .debug_aranges
                0x00000000       0x40 src/ASF/common/services/clock/same70/sysclk.o
 .debug_aranges
                0x00000040       0x20 src/ASF/common/services/delay/sam/cycle_counter.o
 .debug_aranges
                0x00000060       0x28 src/ASF/common/utils/interrupt/interrupt_sam_nvic.o
 .debug_aranges
                0x00000088      0x1a8 src/ASF/sam/drivers/pio/pio.o
 .debug_aranges
                0x00000230       0x60 src/ASF/sam/drivers/pio/pio_handler.o
 .debug_aranges
                0x00000290      0x250 src/ASF/sam/drivers/pmc/pmc.o
 .debug_aranges
                0x000004e0       0x30 src/ASF/sam/drivers/pmc/sleep.o
 .debug_aranges
                0x00000510       0x28 src/ASF/sam/utils/cmsis/same70/source/templates/gcc/startup_same70.o
 .debug_aranges
                0x00000538       0x30 src/ASF/sam/utils/cmsis/same70/source/templates/system_same70.o
 .debug_aranges
                0x00000568       0x60 src/main.o

.debug_ranges   0x00000000      0x6a8
 .debug_ranges  0x00000000       0x30 src/ASF/common/services/clock/same70/sysclk.o
 .debug_ranges  0x00000030       0x10 src/ASF/common/services/delay/sam/cycle_counter.o
 .debug_ranges  0x00000040       0x18 src/ASF/common/utils/interrupt/interrupt_sam_nvic.o
 .debug_ranges  0x00000058      0x2a0 src/ASF/sam/drivers/pio/pio.o
 .debug_ranges  0x000002f8       0x68 src/ASF/sam/drivers/pio/pio_handler.o
 .debug_ranges  0x00000360      0x240 src/ASF/sam/drivers/pmc/pmc.o
 .debug_ranges  0x000005a0       0x50 src/ASF/sam/drivers/pmc/sleep.o
 .debug_ranges  0x000005f0       0x18 src/ASF/sam/utils/cmsis/same70/source/templates/gcc/startup_same70.o
 .debug_ranges  0x00000608       0x20 src/ASF/sam/utils/cmsis/same70/source/templates/system_same70.o
 .debug_ranges  0x00000628       0x80 src/main.o

.debug_macro    0x00000000    0x1ccb8
 .debug_macro   0x00000000      0x6d1 src/ASF/common/services/clock/same70/sysclk.o
 .debug_macro   0x000006d1      0x8ce src/ASF/common/services/clock/same70/sysclk.o
 .debug_macro   0x00000f9f      0x652 src/ASF/common/services/clock/same70/sysclk.o
 .debug_macro   0x000015f1       0x3a src/ASF/common/services/clock/same70/sysclk.o
 .debug_macro   0x0000162b      0x16d src/ASF/common/services/clock/same70/sysclk.o
 .debug_macro   0x00001798       0x76 src/ASF/common/services/clock/same70/sysclk.o
 .debug_macro   0x0000180e       0x16 src/ASF/common/services/clock/same70/sysclk.o
 .debug_macro   0x00001824      0x6e4 src/ASF/common/services/clock/same70/sysclk.o
 .debug_macro   0x00001f08       0x22 src/ASF/common/services/clock/same70/sysclk.o
 .debug_macro   0x00001f2a       0x87 src/ASF/common/services/clock/same70/sysclk.o
 .debug_macro   0x00001fb1       0x51 src/ASF/common/services/clock/same70/sysclk.o
 .debug_macro   0x00002002       0xef src/ASF/common/services/clock/same70/sysclk.o
 .debug_macro   0x000020f1       0x6a src/ASF/common/services/clock/same70/sysclk.o
 .debug_macro   0x0000215b      0x1df src/ASF/common/services/clock/same70/sysclk.o
 .debug_macro   0x0000233a       0x4a src/ASF/common/services/clock/same70/sysclk.o
 .debug_macro   0x00002384       0x3b src/ASF/common/services/clock/same70/sysclk.o
 .debug_macro   0x000023bf       0x2d src/ASF/common/services/clock/same70/sysclk.o
 .debug_macro   0x000023ec       0x26 src/ASF/common/services/clock/same70/sysclk.o
 .debug_macro   0x00002412      0xf9a src/ASF/common/services/clock/same70/sysclk.o
 .debug_macro   0x000033ac      0x175 src/ASF/common/services/clock/same70/sysclk.o
 .debug_macro   0x00003521      0x257 src/ASF/common/services/clock/same70/sysclk.o
 .debug_macro   0x00003778      0xa0f src/ASF/common/services/clock/same70/sysclk.o
 .debug_macro   0x00004187      0x1b9 src/ASF/common/services/clock/same70/sysclk.o
 .debug_macro   0x00004340      0x336 src/ASF/common/services/clock/same70/sysclk.o
 .debug_macro   0x00004676      0x15b src/ASF/common/services/clock/same70/sysclk.o
 .debug_macro   0x000047d1     0x1851 src/ASF/common/services/clock/same70/sysclk.o
 .debug_macro   0x00006022       0x1c src/ASF/common/services/clock/same70/sysclk.o
 .debug_macro   0x0000603e      0x68d src/ASF/common/services/clock/same70/sysclk.o
 .debug_macro   0x000066cb      0x31e src/ASF/common/services/clock/same70/sysclk.o
 .debug_macro   0x000069e9      0x4d4 src/ASF/common/services/clock/same70/sysclk.o
 .debug_macro   0x00006ebd      0x56e src/ASF/common/services/clock/same70/sysclk.o
 .debug_macro   0x0000742b     0x1332 src/ASF/common/services/clock/same70/sysclk.o
 .debug_macro   0x0000875d     0x278d src/ASF/common/services/clock/same70/sysclk.o
 .debug_macro   0x0000aeea     0x102b src/ASF/common/services/clock/same70/sysclk.o
 .debug_macro   0x0000bf15      0xe01 src/ASF/common/services/clock/same70/sysclk.o
 .debug_macro   0x0000cd16      0x3b1 src/ASF/common/services/clock/same70/sysclk.o
 .debug_macro   0x0000d0c7       0xa0 src/ASF/common/services/clock/same70/sysclk.o
 .debug_macro   0x0000d167       0x76 src/ASF/common/services/clock/same70/sysclk.o
 .debug_macro   0x0000d1dd      0x409 src/ASF/common/services/clock/same70/sysclk.o
 .debug_macro   0x0000d5e6       0x64 src/ASF/common/services/clock/same70/sysclk.o
 .debug_macro   0x0000d64a      0x284 src/ASF/common/services/clock/same70/sysclk.o
 .debug_macro   0x0000d8ce      0x1d0 src/ASF/common/services/clock/same70/sysclk.o
 .debug_macro   0x0000da9e      0x248 src/ASF/common/services/clock/same70/sysclk.o
 .debug_macro   0x0000dce6      0x524 src/ASF/common/services/clock/same70/sysclk.o
 .debug_macro   0x0000e20a      0x63b src/ASF/common/services/clock/same70/sysclk.o
 .debug_macro   0x0000e845      0x6b8 src/ASF/common/services/clock/same70/sysclk.o
 .debug_macro   0x0000eefd       0x4c src/ASF/common/services/clock/same70/sysclk.o
 .debug_macro   0x0000ef49      0x468 src/ASF/common/services/clock/same70/sysclk.o
 .debug_macro   0x0000f3b1      0x207 src/ASF/common/services/clock/same70/sysclk.o
 .debug_macro   0x0000f5b8      0x866 src/ASF/common/services/clock/same70/sysclk.o
 .debug_macro   0x0000fe1e     0x1547 src/ASF/common/services/clock/same70/sysclk.o
 .debug_macro   0x00011365       0x40 src/ASF/common/services/clock/same70/sysclk.o
 .debug_macro   0x000113a5       0x76 src/ASF/common/services/clock/same70/sysclk.o
 .debug_macro   0x0001141b      0xdaf src/ASF/common/services/clock/same70/sysclk.o
 .debug_macro   0x000121ca       0x82 src/ASF/common/services/clock/same70/sysclk.o
 .debug_macro   0x0001224c       0x76 src/ASF/common/services/clock/same70/sysclk.o
 .debug_macro   0x000122c2       0x4c src/ASF/common/services/clock/same70/sysclk.o
 .debug_macro   0x0001230e      0x135 src/ASF/common/services/clock/same70/sysclk.o
 .debug_macro   0x00012443      0x135 src/ASF/common/services/clock/same70/sysclk.o
 .debug_macro   0x00012578      0x135 src/ASF/common/services/clock/same70/sysclk.o
 .debug_macro   0x000126ad       0x6a src/ASF/common/services/clock/same70/sysclk.o
 .debug_macro   0x00012717       0x6a src/ASF/common/services/clock/same70/sysclk.o
 .debug_macro   0x00012781      0x313 src/ASF/common/services/clock/same70/sysclk.o
 .debug_macro   0x00012a94       0xb2 src/ASF/common/services/clock/same70/sysclk.o
 .debug_macro   0x00012b46       0xb2 src/ASF/common/services/clock/same70/sysclk.o
 .debug_macro   0x00012bf8       0xb2 src/ASF/common/services/clock/same70/sysclk.o
 .debug_macro   0x00012caa      0x11d src/ASF/common/services/clock/same70/sysclk.o
 .debug_macro   0x00012dc7      0x11d src/ASF/common/services/clock/same70/sysclk.o
 .debug_macro   0x00012ee4      0x2cd src/ASF/common/services/clock/same70/sysclk.o
 .debug_macro   0x000131b1       0xb8 src/ASF/common/services/clock/same70/sysclk.o
 .debug_macro   0x00013269       0x5e src/ASF/common/services/clock/same70/sysclk.o
 .debug_macro   0x000132c7       0x40 src/ASF/common/services/clock/same70/sysclk.o
 .debug_macro   0x00013307       0x4c src/ASF/common/services/clock/same70/sysclk.o
 .debug_macro   0x00013353       0xa0 src/ASF/common/services/clock/same70/sysclk.o
 .debug_macro   0x000133f3      0x494 src/ASF/common/services/clock/same70/sysclk.o
 .debug_macro   0x00013887      0x135 src/ASF/common/services/clock/same70/sysclk.o
 .debug_macro   0x000139bc       0x4c src/ASF/common/services/clock/same70/sysclk.o
 .debug_macro   0x00013a08      0x313 src/ASF/common/services/clock/same70/sysclk.o
 .debug_macro   0x00013d1b       0x6a src/ASF/common/services/clock/same70/sysclk.o
 .debug_macro   0x00013d85       0xb8 src/ASF/common/services/clock/same70/sysclk.o
 .debug_macro   0x00013e3d       0x6a src/ASF/common/services/clock/same70/sysclk.o
 .debug_macro   0x00013ea7       0x2e src/ASF/common/services/clock/same70/sysclk.o
 .debug_macro   0x00013ed5      0x9b1 src/ASF/common/services/clock/same70/sysclk.o
 .debug_macro   0x00014886       0x6a src/ASF/common/services/clock/same70/sysclk.o
 .debug_macro   0x000148f0       0x88 src/ASF/common/services/clock/same70/sysclk.o
 .debug_macro   0x00014978       0x58 src/ASF/common/services/clock/same70/sysclk.o
 .debug_macro   0x000149d0       0xe2 src/ASF/common/services/clock/same70/sysclk.o
 .debug_macro   0x00014ab2       0x16 src/ASF/common/services/clock/same70/sysclk.o
 .debug_macro   0x00014ac8       0xe2 src/ASF/common/services/clock/same70/sysclk.o
 .debug_macro   0x00014baa       0x4c src/ASF/common/services/clock/same70/sysclk.o
 .debug_macro   0x00014bf6       0x16 src/ASF/common/services/clock/same70/sysclk.o
 .debug_macro   0x00014c0c       0x4c src/ASF/common/services/clock/same70/sysclk.o
 .debug_macro   0x00014c58       0x2e src/ASF/common/services/clock/same70/sysclk.o
 .debug_macro   0x00014c86      0x1b5 src/ASF/common/services/clock/same70/sysclk.o
 .debug_macro   0x00014e3b      0x1b5 src/ASF/common/services/clock/same70/sysclk.o
 .debug_macro   0x00014ff0      0x1b5 src/ASF/common/services/clock/same70/sysclk.o
 .debug_macro   0x000151a5      0x1b5 src/ASF/common/services/clock/same70/sysclk.o
 .debug_macro   0x0001535a      0x1b5 src/ASF/common/services/clock/same70/sysclk.o
 .debug_macro   0x0001550f       0x1c src/ASF/common/services/clock/same70/sysclk.o
 .debug_macro   0x0001552b       0x2e src/ASF/common/services/clock/same70/sysclk.o
 .debug_macro   0x00015559       0x22 src/ASF/common/services/clock/same70/sysclk.o
 .debug_macro   0x0001557b       0x1c src/ASF/common/services/clock/same70/sysclk.o
 .debug_macro   0x00015597       0x52 src/ASF/common/services/clock/same70/sysclk.o
 .debug_macro   0x000155e9       0x10 src/ASF/common/services/clock/same70/sysclk.o
 .debug_macro   0x000155f9       0x1c src/ASF/common/services/clock/same70/sysclk.o
 .debug_macro   0x00015615       0x4c src/ASF/common/services/clock/same70/sysclk.o
 .debug_macro   0x00015661       0x4c src/ASF/common/services/clock/same70/sysclk.o
 .debug_macro   0x000156ad       0x4c src/ASF/common/services/clock/same70/sysclk.o
 .debug_macro   0x000156f9      0x31b src/ASF/common/services/clock/same70/sysclk.o
 .debug_macro   0x00015a14     0x1022 src/ASF/common/services/clock/same70/sysclk.o
 .debug_macro   0x00016a36      0x100 src/ASF/common/services/clock/same70/sysclk.o
 .debug_macro   0x00016b36       0x58 src/ASF/common/services/clock/same70/sysclk.o
 .debug_macro   0x00016b8e       0x35 src/ASF/common/services/clock/same70/sysclk.o
 .debug_macro   0x00016bc3       0x9c src/ASF/common/services/clock/same70/sysclk.o
 .debug_macro   0x00016c5f       0x16 src/ASF/common/services/clock/same70/sysclk.o
 .debug_macro   0x00016c75       0x35 src/ASF/common/services/clock/same70/sysclk.o
 .debug_macro   0x00016caa      0x353 src/ASF/common/services/clock/same70/sysclk.o
 .debug_macro   0x00016ffd       0x10 src/ASF/common/services/clock/same70/sysclk.o
 .debug_macro   0x0001700d       0x58 src/ASF/common/services/clock/same70/sysclk.o
 .debug_macro   0x00017065       0x1f src/ASF/common/services/clock/same70/sysclk.o
 .debug_macro   0x00017084       0x43 src/ASF/common/services/clock/same70/sysclk.o
 .debug_macro   0x000170c7       0x20 src/ASF/common/services/clock/same70/sysclk.o
 .debug_macro   0x000170e7      0x187 src/ASF/common/services/clock/same70/sysclk.o
 .debug_macro   0x0001726e       0x10 src/ASF/common/services/clock/same70/sysclk.o
 .debug_macro   0x0001727e       0x1c src/ASF/common/services/clock/same70/sysclk.o
 .debug_macro   0x0001729a       0x52 src/ASF/common/services/clock/same70/sysclk.o
 .debug_macro   0x000172ec       0x40 src/ASF/common/services/clock/same70/sysclk.o
 .debug_macro   0x0001732c       0x10 src/ASF/common/services/clock/same70/sysclk.o
 .debug_macro   0x0001733c       0x40 src/ASF/common/services/clock/same70/sysclk.o
 .debug_macro   0x0001737c       0xd7 src/ASF/common/services/clock/same70/sysclk.o
 .debug_macro   0x00017453       0x16 src/ASF/common/services/clock/same70/sysclk.o
 .debug_macro   0x00017469      0x18b src/ASF/common/services/clock/same70/sysclk.o
 .debug_macro   0x000175f4       0x22 src/ASF/common/services/clock/same70/sysclk.o
 .debug_macro   0x00017616       0x16 src/ASF/common/services/clock/same70/sysclk.o
 .debug_macro   0x0001762c       0x16 src/ASF/common/services/clock/same70/sysclk.o
 .debug_macro   0x00017642       0x29 src/ASF/common/services/clock/same70/sysclk.o
 .debug_macro   0x0001766b       0x75 src/ASF/common/services/clock/same70/sysclk.o
 .debug_macro   0x000176e0       0x3f src/ASF/common/services/clock/same70/sysclk.o
 .debug_macro   0x0001771f      0x3ca src/ASF/common/services/clock/same70/sysclk.o
 .debug_macro   0x00017ae9      0x2b9 src/ASF/common/services/clock/same70/sysclk.o
 .debug_macro   0x00017da2      0x8d6 src/ASF/common/services/clock/same70/sysclk.o
 .debug_macro   0x00018678       0x70 src/ASF/common/services/clock/same70/sysclk.o
 .debug_macro   0x000186e8       0x64 src/ASF/common/services/clock/same70/sysclk.o
 .debug_macro   0x0001874c       0x5f src/ASF/common/services/clock/same70/sysclk.o
 .debug_macro   0x000187ab       0xac src/ASF/common/services/clock/same70/sysclk.o
 .debug_macro   0x00018857      0x665 src/ASF/common/services/delay/sam/cycle_counter.o
 .debug_macro   0x00018ebc       0x22 src/ASF/common/services/delay/sam/cycle_counter.o
 .debug_macro   0x00018ede      0x655 src/ASF/common/utils/interrupt/interrupt_sam_nvic.o
 .debug_macro   0x00019533      0x66b src/ASF/sam/drivers/pio/pio.o
 .debug_macro   0x00019b9e       0x8e src/ASF/sam/drivers/pio/pio.o
 .debug_macro   0x00019c2c      0x676 src/ASF/sam/drivers/pio/pio_handler.o
 .debug_macro   0x0001a2a2      0x66b src/ASF/sam/drivers/pmc/pmc.o
 .debug_macro   0x0001a90d       0x6a src/ASF/sam/drivers/pmc/pmc.o
 .debug_macro   0x0001a977      0x684 src/ASF/sam/drivers/pmc/sleep.o
 .debug_macro   0x0001affb       0x34 src/ASF/sam/drivers/pmc/sleep.o
 .debug_macro   0x0001b02f      0x2bf src/ASF/sam/drivers/pmc/sleep.o
 .debug_macro   0x0001b2ee      0x664 src/ASF/sam/utils/cmsis/same70/source/templates/gcc/startup_same70.o
 .debug_macro   0x0001b952       0x10 src/ASF/sam/utils/cmsis/same70/source/templates/gcc/startup_same70.o
 .debug_macro   0x0001b962      0x455 src/ASF/sam/utils/cmsis/same70/source/templates/system_same70.o
 .debug_macro   0x0001bdb7      0x863 src/main.o
 .debug_macro   0x0001c61a       0x28 src/main.o
 .debug_macro   0x0001c642       0x23 src/main.o
 .debug_macro   0x0001c665       0x94 src/main.o
 .debug_macro   0x0001c6f9       0x40 src/main.o
 .debug_macro   0x0001c739       0x88 src/main.o
 .debug_macro   0x0001c7c1      0x1ce src/main.o
 .debug_macro   0x0001c98f       0x16 src/main.o
 .debug_macro   0x0001c9a5       0x1c src/main.o
 .debug_macro   0x0001c9c1      0x2f7 src/main.o

.debug_line     0x00000000     0x7526
 .debug_line    0x00000000      0xb4f src/ASF/common/services/clock/same70/sysclk.o
 .debug_line    0x00000b4f      0x9ed src/ASF/common/services/delay/sam/cycle_counter.o
 .debug_line    0x0000153c      0xa01 src/ASF/common/utils/interrupt/interrupt_sam_nvic.o
 .debug_line    0x00001f3d      0xee3 src/ASF/sam/drivers/pio/pio.o
 .debug_line    0x00002e20      0xabf src/ASF/sam/drivers/pio/pio_handler.o
 .debug_line    0x000038df     0x1064 src/ASF/sam/drivers/pmc/pmc.o
 .debug_line    0x00004943      0xb47 src/ASF/sam/drivers/pmc/sleep.o
 .debug_line    0x0000548a      0xa73 src/ASF/sam/utils/cmsis/same70/source/templates/gcc/startup_same70.o
 .debug_line    0x00005efd      0x7e7 src/ASF/sam/utils/cmsis/same70/source/templates/system_same70.o
 .debug_line    0x000066e4      0xe42 src/main.o

.debug_str      0x00000000    0x8992e
 .debug_str     0x00000000    0x857a4 src/ASF/common/services/clock/same70/sysclk.o
                              0x85e49 (size before relaxing)
 .debug_str     0x000857a4      0x1b5 src/ASF/common/services/delay/sam/cycle_counter.o
                              0x81fcc (size before relaxing)
 .debug_str     0x00085959       0x94 src/ASF/common/utils/interrupt/interrupt_sam_nvic.o
                              0x81e9c (size before relaxing)
 .debug_str     0x000859ed      0xb31 src/ASF/sam/drivers/pio/pio.o
                              0x829f2 (size before relaxing)
 .debug_str     0x0008651e      0x59e src/ASF/sam/drivers/pio/pio_handler.o
                              0x82b14 (size before relaxing)
 .debug_str     0x00086abc      0x6c2 src/ASF/sam/drivers/pmc/pmc.o
                              0x82b47 (size before relaxing)
 .debug_str     0x0008717e      0x24d src/ASF/sam/drivers/pmc/sleep.o
                              0x8576e (size before relaxing)
 .debug_str     0x000873cb      0x6af src/ASF/sam/utils/cmsis/same70/source/templates/gcc/startup_same70.o
                              0x82669 (size before relaxing)
 .debug_str     0x00087a7a      0x137 src/ASF/sam/utils/cmsis/same70/source/templates/system_same70.o
                              0x727f4 (size before relaxing)
 .debug_str     0x00087bb1     0x1d7d src/main.o
                              0x88588 (size before relaxing)

.debug_frame    0x00000000      0xe1c
 .debug_frame   0x00000000       0x88 src/ASF/common/services/clock/same70/sysclk.o
 .debug_frame   0x00000088       0x20 src/ASF/common/services/delay/sam/cycle_counter.o
 .debug_frame   0x000000a8       0x30 src/ASF/common/utils/interrupt/interrupt_sam_nvic.o
 .debug_frame   0x000000d8      0x390 src/ASF/sam/drivers/pio/pio.o
 .debug_frame   0x00000468      0x110 src/ASF/sam/drivers/pio/pio_handler.o
 .debug_frame   0x00000578      0x494 src/ASF/sam/drivers/pmc/pmc.o
 .debug_frame   0x00000a0c       0x5c src/ASF/sam/drivers/pmc/sleep.o
 .debug_frame   0x00000a68       0x38 src/ASF/sam/utils/cmsis/same70/source/templates/gcc/startup_same70.o
 .debug_frame   0x00000aa0       0x40 src/ASF/sam/utils/cmsis/same70/source/templates/system_same70.o
 .debug_frame   0x00000ae0      0x11c src/main.o
 .debug_frame   0x00000bfc       0x2c c:/program files (x86)/atmel/studio/7.0/toolchain/arm/arm-gnu-toolchain/bin/../lib/gcc/arm-none-eabi/6.3.1/thumb/v7e-m\libgcc.a(_aeabi_uldivmod.o)
 .debug_frame   0x00000c28       0x34 c:/program files (x86)/atmel/studio/7.0/toolchain/arm/arm-gnu-toolchain/bin/../lib/gcc/arm-none-eabi/6.3.1/thumb/v7e-m\libgcc.a(_udivmoddi4.o)
 .debug_frame   0x00000c5c       0x2c c:/program files (x86)/atmel/studio/7.0/toolchain/arm/arm-gnu-toolchain/bin/../lib/gcc/arm-none-eabi/6.3.1/../../../../arm-none-eabi/lib/thumb/v7e-m\libc.a(lib_a-init.o)
 .debug_frame   0x00000c88       0x5c c:/program files (x86)/atmel/studio/7.0/toolchain/arm/arm-gnu-toolchain/bin/../lib/gcc/arm-none-eabi/6.3.1/../../../../arm-none-eabi/lib/thumb/v7e-m\libc.a(lib_a-__call_atexit.o)
 .debug_frame   0x00000ce4       0x20 c:/program files (x86)/atmel/studio/7.0/toolchain/arm/arm-gnu-toolchain/bin/../lib/gcc/arm-none-eabi/6.3.1/../../../../arm-none-eabi/lib/thumb/v7e-m\libc.a(lib_a-atexit.o)
 .debug_frame   0x00000d04       0x34 c:/program files (x86)/atmel/studio/7.0/toolchain/arm/arm-gnu-toolchain/bin/../lib/gcc/arm-none-eabi/6.3.1/../../../../arm-none-eabi/lib/thumb/v7e-m\libc.a(lib_a-fini.o)
 .debug_frame   0x00000d38       0xb0 c:/program files (x86)/atmel/studio/7.0/toolchain/arm/arm-gnu-toolchain/bin/../lib/gcc/arm-none-eabi/6.3.1/../../../../arm-none-eabi/lib/thumb/v7e-m\libc.a(lib_a-lock.o)
 .debug_frame   0x00000de8       0x34 c:/program files (x86)/atmel/studio/7.0/toolchain/arm/arm-gnu-toolchain/bin/../lib/gcc/arm-none-eabi/6.3.1/../../../../arm-none-eabi/lib/thumb/v7e-m\libc.a(lib_a-__atexit.o)

Cross Reference Table

Symbol                                            File
ACC_Handler                                       src/ASF/sam/utils/cmsis/same70/source/templates/gcc/startup_same70.o
AES_Handler                                       src/ASF/sam/utils/cmsis/same70/source/templates/gcc/startup_same70.o
AFEC0_Handler                                     src/ASF/sam/utils/cmsis/same70/source/templates/gcc/startup_same70.o
AFEC1_Handler                                     src/ASF/sam/utils/cmsis/same70/source/templates/gcc/startup_same70.o
BUT_callback                                      src/main.o
BUT_flag                                          src/main.o
BusFault_Handler                                  src/ASF/sam/utils/cmsis/same70/source/templates/gcc/startup_same70.o
DACC_Handler                                      src/ASF/sam/utils/cmsis/same70/source/templates/gcc/startup_same70.o
DebugMon_Handler                                  src/ASF/sam/utils/cmsis/same70/source/templates/gcc/startup_same70.o
Dummy_Handler                                     src/ASF/sam/utils/cmsis/same70/source/templates/gcc/startup_same70.o
EFC_Handler                                       src/ASF/sam/utils/cmsis/same70/source/templates/gcc/startup_same70.o
GMAC_Handler                                      src/ASF/sam/utils/cmsis/same70/source/templates/gcc/startup_same70.o
HSMCI_Handler                                     src/ASF/sam/utils/cmsis/same70/source/templates/gcc/startup_same70.o
HardFault_Handler                                 src/ASF/sam/utils/cmsis/same70/source/templates/gcc/startup_same70.o
ICM_Handler                                       src/ASF/sam/utils/cmsis/same70/source/templates/gcc/startup_same70.o
ISI_Handler                                       src/ASF/sam/utils/cmsis/same70/source/templates/gcc/startup_same70.o
MCAN0_Handler                                     src/ASF/sam/utils/cmsis/same70/source/templates/gcc/startup_same70.o
MCAN1_Handler                                     src/ASF/sam/utils/cmsis/same70/source/templates/gcc/startup_same70.o
MemManage_Handler                                 src/ASF/sam/utils/cmsis/same70/source/templates/gcc/startup_same70.o
NMI_Handler                                       src/ASF/sam/utils/cmsis/same70/source/templates/gcc/startup_same70.o
PIOA_Handler                                      src/ASF/sam/drivers/pio/pio_handler.o
PIOB_Handler                                      src/ASF/sam/drivers/pio/pio_handler.o
PIOC_Handler                                      src/ASF/sam/drivers/pio/pio_handler.o
PIOD_Handler                                      src/ASF/sam/drivers/pio/pio_handler.o
PIOE_Handler                                      src/ASF/sam/drivers/pio/pio_handler.o
PMC_Handler                                       src/ASF/sam/utils/cmsis/same70/source/templates/gcc/startup_same70.o
PWM0_Handler                                      src/ASF/sam/utils/cmsis/same70/source/templates/gcc/startup_same70.o
PWM1_Handler                                      src/ASF/sam/utils/cmsis/same70/source/templates/gcc/startup_same70.o
PendSV_Handler                                    src/ASF/sam/utils/cmsis/same70/source/templates/gcc/startup_same70.o
QSPI_Handler                                      src/ASF/sam/utils/cmsis/same70/source/templates/gcc/startup_same70.o
RSTC_Handler                                      src/ASF/sam/utils/cmsis/same70/source/templates/gcc/startup_same70.o
RSWDT_Handler                                     src/ASF/sam/utils/cmsis/same70/source/templates/gcc/startup_same70.o
RTC_Handler                                       src/ASF/sam/utils/cmsis/same70/source/templates/gcc/startup_same70.o
RTT_Handler                                       src/ASF/sam/utils/cmsis/same70/source/templates/gcc/startup_same70.o
Reset_Handler                                     src/ASF/sam/utils/cmsis/same70/source/templates/gcc/startup_same70.o
SDRAMC_Handler                                    src/ASF/sam/utils/cmsis/same70/source/templates/gcc/startup_same70.o
SPI0_Handler                                      src/ASF/sam/utils/cmsis/same70/source/templates/gcc/startup_same70.o
SPI1_Handler                                      src/ASF/sam/utils/cmsis/same70/source/templates/gcc/startup_same70.o
SSC_Handler                                       src/ASF/sam/utils/cmsis/same70/source/templates/gcc/startup_same70.o
SUPC_Handler                                      src/ASF/sam/utils/cmsis/same70/source/templates/gcc/startup_same70.o
SVC_Handler                                       src/ASF/sam/utils/cmsis/same70/source/templates/gcc/startup_same70.o
SysTick_Handler                                   src/ASF/sam/utils/cmsis/same70/source/templates/gcc/startup_same70.o
SystemCoreClock                                   src/ASF/sam/utils/cmsis/same70/source/templates/system_same70.o
SystemCoreClockUpdate                             src/ASF/sam/utils/cmsis/same70/source/templates/system_same70.o
                                                  src/ASF/common/services/clock/same70/sysclk.o
SystemInit                                        src/ASF/sam/utils/cmsis/same70/source/templates/system_same70.o
TC0_Handler                                       src/ASF/sam/utils/cmsis/same70/source/templates/gcc/startup_same70.o
TC10_Handler                                      src/ASF/sam/utils/cmsis/same70/source/templates/gcc/startup_same70.o
TC11_Handler                                      src/ASF/sam/utils/cmsis/same70/source/templates/gcc/startup_same70.o
TC1_Handler                                       src/ASF/sam/utils/cmsis/same70/source/templates/gcc/startup_same70.o
TC2_Handler                                       src/ASF/sam/utils/cmsis/same70/source/templates/gcc/startup_same70.o
TC3_Handler                                       src/ASF/sam/utils/cmsis/same70/source/templates/gcc/startup_same70.o
TC4_Handler                                       src/ASF/sam/utils/cmsis/same70/source/templates/gcc/startup_same70.o
TC5_Handler                                       src/ASF/sam/utils/cmsis/same70/source/templates/gcc/startup_same70.o
TC6_Handler                                       src/ASF/sam/utils/cmsis/same70/source/templates/gcc/startup_same70.o
TC7_Handler                                       src/ASF/sam/utils/cmsis/same70/source/templates/gcc/startup_same70.o
TC8_Handler                                       src/ASF/sam/utils/cmsis/same70/source/templates/gcc/startup_same70.o
TC9_Handler                                       src/ASF/sam/utils/cmsis/same70/source/templates/gcc/startup_same70.o
TRNG_Handler                                      src/ASF/sam/utils/cmsis/same70/source/templates/gcc/startup_same70.o
TWIHS0_Handler                                    src/ASF/sam/utils/cmsis/same70/source/templates/gcc/startup_same70.o
TWIHS1_Handler                                    src/ASF/sam/utils/cmsis/same70/source/templates/gcc/startup_same70.o
TWIHS2_Handler                                    src/ASF/sam/utils/cmsis/same70/source/templates/gcc/startup_same70.o
UART0_Handler                                     src/ASF/sam/utils/cmsis/same70/source/templates/gcc/startup_same70.o
UART1_Handler                                     src/ASF/sam/utils/cmsis/same70/source/templates/gcc/startup_same70.o
UART2_Handler                                     src/ASF/sam/utils/cmsis/same70/source/templates/gcc/startup_same70.o
UART3_Handler                                     src/ASF/sam/utils/cmsis/same70/source/templates/gcc/startup_same70.o
UART4_Handler                                     src/ASF/sam/utils/cmsis/same70/source/templates/gcc/startup_same70.o
USART0_Handler                                    src/ASF/sam/utils/cmsis/same70/source/templates/gcc/startup_same70.o
USART1_Handler                                    src/ASF/sam/utils/cmsis/same70/source/templates/gcc/startup_same70.o
USART2_Handler                                    src/ASF/sam/utils/cmsis/same70/source/templates/gcc/startup_same70.o
USBHS_Handler                                     src/ASF/sam/utils/cmsis/same70/source/templates/gcc/startup_same70.o
UsageFault_Handler                                src/ASF/sam/utils/cmsis/same70/source/templates/gcc/startup_same70.o
WDT_Handler                                       src/ASF/sam/utils/cmsis/same70/source/templates/gcc/startup_same70.o
XBUT1_callback                                    src/main.o
XBUT1_flag                                        src/main.o
XBUT2_callback                                    src/main.o
XBUT2_flag                                        src/main.o
XBUT3_callback                                    src/main.o
XBUT3_flag                                        src/main.o
XDMAC_Handler                                     src/ASF/sam/utils/cmsis/same70/source/templates/gcc/startup_same70.o
_Jv_RegisterClasses                               c:/program files (x86)/atmel/studio/7.0/toolchain/arm/arm-gnu-toolchain/bin/../lib/gcc/arm-none-eabi/6.3.1/thumb/v7e-m/crtbegin.o
__aeabi_idiv0                                     c:/program files (x86)/atmel/studio/7.0/toolchain/arm/arm-gnu-toolchain/bin/../lib/gcc/arm-none-eabi/6.3.1/thumb/v7e-m\libgcc.a(_dvmd_tls.o)
__aeabi_ldiv0                                     c:/program files (x86)/atmel/studio/7.0/toolchain/arm/arm-gnu-toolchain/bin/../lib/gcc/arm-none-eabi/6.3.1/thumb/v7e-m\libgcc.a(_dvmd_tls.o)
                                                  c:/program files (x86)/atmel/studio/7.0/toolchain/arm/arm-gnu-toolchain/bin/../lib/gcc/arm-none-eabi/6.3.1/thumb/v7e-m\libgcc.a(_aeabi_uldivmod.o)
__aeabi_uldivmod                                  c:/program files (x86)/atmel/studio/7.0/toolchain/arm/arm-gnu-toolchain/bin/../lib/gcc/arm-none-eabi/6.3.1/thumb/v7e-m\libgcc.a(_aeabi_uldivmod.o)
                                                  src/main.o
__atexit_recursive_mutex                          c:/program files (x86)/atmel/studio/7.0/toolchain/arm/arm-gnu-toolchain/bin/../lib/gcc/arm-none-eabi/6.3.1/../../../../arm-none-eabi/lib/thumb/v7e-m\libc.a(lib_a-__call_atexit.o)
                                                  c:/program files (x86)/atmel/studio/7.0/toolchain/arm/arm-gnu-toolchain/bin/../lib/gcc/arm-none-eabi/6.3.1/../../../../arm-none-eabi/lib/thumb/v7e-m\libc.a(lib_a-__atexit.o)
__bss_end__                                       c:/program files (x86)/atmel/studio/7.0/toolchain/arm/arm-gnu-toolchain/bin/../lib/gcc/arm-none-eabi/6.3.1/../../../../arm-none-eabi/lib/thumb/v7e-m/crt0.o
__bss_start__                                     c:/program files (x86)/atmel/studio/7.0/toolchain/arm/arm-gnu-toolchain/bin/../lib/gcc/arm-none-eabi/6.3.1/../../../../arm-none-eabi/lib/thumb/v7e-m/crt0.o
__call_exitprocs                                  c:/program files (x86)/atmel/studio/7.0/toolchain/arm/arm-gnu-toolchain/bin/../lib/gcc/arm-none-eabi/6.3.1/../../../../arm-none-eabi/lib/thumb/v7e-m\libc.a(lib_a-__call_atexit.o)
                                                  c:/program files (x86)/atmel/studio/7.0/toolchain/arm/arm-gnu-toolchain/bin/../lib/gcc/arm-none-eabi/6.3.1/../../../../arm-none-eabi/lib/thumb/v7e-m\libc.a(lib_a-exit.o)
__deregister_frame_info                           c:/program files (x86)/atmel/studio/7.0/toolchain/arm/arm-gnu-toolchain/bin/../lib/gcc/arm-none-eabi/6.3.1/thumb/v7e-m/crtbegin.o
__dso_handle                                      c:/program files (x86)/atmel/studio/7.0/toolchain/arm/arm-gnu-toolchain/bin/../lib/gcc/arm-none-eabi/6.3.1/thumb/v7e-m/crtbegin.o
__fini_array_end                                  c:/program files (x86)/atmel/studio/7.0/toolchain/arm/arm-gnu-toolchain/bin/../lib/gcc/arm-none-eabi/6.3.1/../../../../arm-none-eabi/lib/thumb/v7e-m\libc.a(lib_a-fini.o)
__fini_array_start                                c:/program files (x86)/atmel/studio/7.0/toolchain/arm/arm-gnu-toolchain/bin/../lib/gcc/arm-none-eabi/6.3.1/../../../../arm-none-eabi/lib/thumb/v7e-m\libc.a(lib_a-fini.o)
__init_array_end                                  c:/program files (x86)/atmel/studio/7.0/toolchain/arm/arm-gnu-toolchain/bin/../lib/gcc/arm-none-eabi/6.3.1/../../../../arm-none-eabi/lib/thumb/v7e-m\libc.a(lib_a-init.o)
__init_array_start                                c:/program files (x86)/atmel/studio/7.0/toolchain/arm/arm-gnu-toolchain/bin/../lib/gcc/arm-none-eabi/6.3.1/../../../../arm-none-eabi/lib/thumb/v7e-m\libc.a(lib_a-init.o)
__libc_fini                                       c:/program files (x86)/atmel/studio/7.0/toolchain/arm/arm-gnu-toolchain/bin/../lib/gcc/arm-none-eabi/6.3.1/../../../../arm-none-eabi/lib/thumb/v7e-m\libc.a(lib_a-__call_atexit.o)
__libc_fini_array                                 c:/program files (x86)/atmel/studio/7.0/toolchain/arm/arm-gnu-toolchain/bin/../lib/gcc/arm-none-eabi/6.3.1/../../../../arm-none-eabi/lib/thumb/v7e-m\libc.a(lib_a-fini.o)
                                                  c:/program files (x86)/atmel/studio/7.0/toolchain/arm/arm-gnu-toolchain/bin/../lib/gcc/arm-none-eabi/6.3.1/../../../../arm-none-eabi/lib/thumb/v7e-m\libc.a(lib_a-__call_atexit.o)
                                                  c:/program files (x86)/atmel/studio/7.0/toolchain/arm/arm-gnu-toolchain/bin/../lib/gcc/arm-none-eabi/6.3.1/../../../../arm-none-eabi/lib/thumb/v7e-m/crt0.o
__libc_init_array                                 c:/program files (x86)/atmel/studio/7.0/toolchain/arm/arm-gnu-toolchain/bin/../lib/gcc/arm-none-eabi/6.3.1/../../../../arm-none-eabi/lib/thumb/v7e-m\libc.a(lib_a-init.o)
                                                  src/ASF/sam/utils/cmsis/same70/source/templates/gcc/startup_same70.o
                                                  c:/program files (x86)/atmel/studio/7.0/toolchain/arm/arm-gnu-toolchain/bin/../lib/gcc/arm-none-eabi/6.3.1/../../../../arm-none-eabi/lib/thumb/v7e-m/crt0.o
__lock___arc4random_mutex                         c:/program files (x86)/atmel/studio/7.0/toolchain/arm/arm-gnu-toolchain/bin/../lib/gcc/arm-none-eabi/6.3.1/../../../../arm-none-eabi/lib/thumb/v7e-m\libc.a(lib_a-lock.o)
__lock___at_quick_exit_mutex                      c:/program files (x86)/atmel/studio/7.0/toolchain/arm/arm-gnu-toolchain/bin/../lib/gcc/arm-none-eabi/6.3.1/../../../../arm-none-eabi/lib/thumb/v7e-m\libc.a(lib_a-lock.o)
__lock___atexit_recursive_mutex                   c:/program files (x86)/atmel/studio/7.0/toolchain/arm/arm-gnu-toolchain/bin/../lib/gcc/arm-none-eabi/6.3.1/../../../../arm-none-eabi/lib/thumb/v7e-m\libc.a(lib_a-lock.o)
                                                  c:/program files (x86)/atmel/studio/7.0/toolchain/arm/arm-gnu-toolchain/bin/../lib/gcc/arm-none-eabi/6.3.1/../../../../arm-none-eabi/lib/thumb/v7e-m\libc.a(lib_a-__call_atexit.o)
__lock___dd_hash_mutex                            c:/program files (x86)/atmel/studio/7.0/toolchain/arm/arm-gnu-toolchain/bin/../lib/gcc/arm-none-eabi/6.3.1/../../../../arm-none-eabi/lib/thumb/v7e-m\libc.a(lib_a-lock.o)
__lock___env_recursive_mutex                      c:/program files (x86)/atmel/studio/7.0/toolchain/arm/arm-gnu-toolchain/bin/../lib/gcc/arm-none-eabi/6.3.1/../../../../arm-none-eabi/lib/thumb/v7e-m\libc.a(lib_a-lock.o)
__lock___malloc_recursive_mutex                   c:/program files (x86)/atmel/studio/7.0/toolchain/arm/arm-gnu-toolchain/bin/../lib/gcc/arm-none-eabi/6.3.1/../../../../arm-none-eabi/lib/thumb/v7e-m\libc.a(lib_a-lock.o)
__lock___sfp_recursive_mutex                      c:/program files (x86)/atmel/studio/7.0/toolchain/arm/arm-gnu-toolchain/bin/../lib/gcc/arm-none-eabi/6.3.1/../../../../arm-none-eabi/lib/thumb/v7e-m\libc.a(lib_a-lock.o)
__lock___sinit_recursive_mutex                    c:/program files (x86)/atmel/studio/7.0/toolchain/arm/arm-gnu-toolchain/bin/../lib/gcc/arm-none-eabi/6.3.1/../../../../arm-none-eabi/lib/thumb/v7e-m\libc.a(lib_a-lock.o)
__lock___tz_mutex                                 c:/program files (x86)/atmel/studio/7.0/toolchain/arm/arm-gnu-toolchain/bin/../lib/gcc/arm-none-eabi/6.3.1/../../../../arm-none-eabi/lib/thumb/v7e-m\libc.a(lib_a-lock.o)
__preinit_array_end                               c:/program files (x86)/atmel/studio/7.0/toolchain/arm/arm-gnu-toolchain/bin/../lib/gcc/arm-none-eabi/6.3.1/../../../../arm-none-eabi/lib/thumb/v7e-m\libc.a(lib_a-init.o)
__preinit_array_start                             c:/program files (x86)/atmel/studio/7.0/toolchain/arm/arm-gnu-toolchain/bin/../lib/gcc/arm-none-eabi/6.3.1/../../../../arm-none-eabi/lib/thumb/v7e-m\libc.a(lib_a-init.o)
__ram_end__                                       src/ASF/sam/utils/syscalls/gcc/syscalls.o
__register_exitproc                               c:/program files (x86)/atmel/studio/7.0/toolchain/arm/arm-gnu-toolchain/bin/../lib/gcc/arm-none-eabi/6.3.1/../../../../arm-none-eabi/lib/thumb/v7e-m\libc.a(lib_a-__atexit.o)
                                                  c:/program files (x86)/atmel/studio/7.0/toolchain/arm/arm-gnu-toolchain/bin/../lib/gcc/arm-none-eabi/6.3.1/../../../../arm-none-eabi/lib/thumb/v7e-m\libc.a(lib_a-atexit.o)
__register_frame_info                             c:/program files (x86)/atmel/studio/7.0/toolchain/arm/arm-gnu-toolchain/bin/../lib/gcc/arm-none-eabi/6.3.1/thumb/v7e-m/crtbegin.o
__retarget_lock_acquire                           c:/program files (x86)/atmel/studio/7.0/toolchain/arm/arm-gnu-toolchain/bin/../lib/gcc/arm-none-eabi/6.3.1/../../../../arm-none-eabi/lib/thumb/v7e-m\libc.a(lib_a-lock.o)
__retarget_lock_acquire_recursive                 c:/program files (x86)/atmel/studio/7.0/toolchain/arm/arm-gnu-toolchain/bin/../lib/gcc/arm-none-eabi/6.3.1/../../../../arm-none-eabi/lib/thumb/v7e-m\libc.a(lib_a-lock.o)
                                                  c:/program files (x86)/atmel/studio/7.0/toolchain/arm/arm-gnu-toolchain/bin/../lib/gcc/arm-none-eabi/6.3.1/../../../../arm-none-eabi/lib/thumb/v7e-m\libc.a(lib_a-__atexit.o)
                                                  c:/program files (x86)/atmel/studio/7.0/toolchain/arm/arm-gnu-toolchain/bin/../lib/gcc/arm-none-eabi/6.3.1/../../../../arm-none-eabi/lib/thumb/v7e-m\libc.a(lib_a-__call_atexit.o)
__retarget_lock_close                             c:/program files (x86)/atmel/studio/7.0/toolchain/arm/arm-gnu-toolchain/bin/../lib/gcc/arm-none-eabi/6.3.1/../../../../arm-none-eabi/lib/thumb/v7e-m\libc.a(lib_a-lock.o)
__retarget_lock_close_recursive                   c:/program files (x86)/atmel/studio/7.0/toolchain/arm/arm-gnu-toolchain/bin/../lib/gcc/arm-none-eabi/6.3.1/../../../../arm-none-eabi/lib/thumb/v7e-m\libc.a(lib_a-lock.o)
__retarget_lock_init                              c:/program files (x86)/atmel/studio/7.0/toolchain/arm/arm-gnu-toolchain/bin/../lib/gcc/arm-none-eabi/6.3.1/../../../../arm-none-eabi/lib/thumb/v7e-m\libc.a(lib_a-lock.o)
__retarget_lock_init_recursive                    c:/program files (x86)/atmel/studio/7.0/toolchain/arm/arm-gnu-toolchain/bin/../lib/gcc/arm-none-eabi/6.3.1/../../../../arm-none-eabi/lib/thumb/v7e-m\libc.a(lib_a-lock.o)
__retarget_lock_release                           c:/program files (x86)/atmel/studio/7.0/toolchain/arm/arm-gnu-toolchain/bin/../lib/gcc/arm-none-eabi/6.3.1/../../../../arm-none-eabi/lib/thumb/v7e-m\libc.a(lib_a-lock.o)
__retarget_lock_release_recursive                 c:/program files (x86)/atmel/studio/7.0/toolchain/arm/arm-gnu-toolchain/bin/../lib/gcc/arm-none-eabi/6.3.1/../../../../arm-none-eabi/lib/thumb/v7e-m\libc.a(lib_a-lock.o)
                                                  c:/program files (x86)/atmel/studio/7.0/toolchain/arm/arm-gnu-toolchain/bin/../lib/gcc/arm-none-eabi/6.3.1/../../../../arm-none-eabi/lib/thumb/v7e-m\libc.a(lib_a-__atexit.o)
                                                  c:/program files (x86)/atmel/studio/7.0/toolchain/arm/arm-gnu-toolchain/bin/../lib/gcc/arm-none-eabi/6.3.1/../../../../arm-none-eabi/lib/thumb/v7e-m\libc.a(lib_a-__call_atexit.o)
__retarget_lock_try_acquire                       c:/program files (x86)/atmel/studio/7.0/toolchain/arm/arm-gnu-toolchain/bin/../lib/gcc/arm-none-eabi/6.3.1/../../../../arm-none-eabi/lib/thumb/v7e-m\libc.a(lib_a-lock.o)
__retarget_lock_try_acquire_recursive             c:/program files (x86)/atmel/studio/7.0/toolchain/arm/arm-gnu-toolchain/bin/../lib/gcc/arm-none-eabi/6.3.1/../../../../arm-none-eabi/lib/thumb/v7e-m\libc.a(lib_a-lock.o)
__stack                                           c:/program files (x86)/atmel/studio/7.0/toolchain/arm/arm-gnu-toolchain/bin/../lib/gcc/arm-none-eabi/6.3.1/../../../../arm-none-eabi/lib/thumb/v7e-m/crt0.o
__udivmoddi4                                      c:/program files (x86)/atmel/studio/7.0/toolchain/arm/arm-gnu-toolchain/bin/../lib/gcc/arm-none-eabi/6.3.1/thumb/v7e-m\libgcc.a(_udivmoddi4.o)
                                                  c:/program files (x86)/atmel/studio/7.0/toolchain/arm/arm-gnu-toolchain/bin/../lib/gcc/arm-none-eabi/6.3.1/thumb/v7e-m\libgcc.a(_aeabi_uldivmod.o)
_close                                            src/ASF/sam/utils/syscalls/gcc/syscalls.o
_end                                              src/ASF/sam/utils/syscalls/gcc/syscalls.o
_erelocate                                        src/ASF/sam/utils/cmsis/same70/source/templates/gcc/startup_same70.o
_estack                                           src/ASF/sam/utils/cmsis/same70/source/templates/gcc/startup_same70.o
_etext                                            src/ASF/sam/utils/cmsis/same70/source/templates/gcc/startup_same70.o
_exit                                             src/ASF/sam/utils/syscalls/gcc/syscalls.o
                                                  c:/program files (x86)/atmel/studio/7.0/toolchain/arm/arm-gnu-toolchain/bin/../lib/gcc/arm-none-eabi/6.3.1/../../../../arm-none-eabi/lib/thumb/v7e-m\libc.a(lib_a-exit.o)
_ezero                                            src/ASF/sam/utils/cmsis/same70/source/templates/gcc/startup_same70.o
_fini                                             c:/program files (x86)/atmel/studio/7.0/toolchain/arm/arm-gnu-toolchain/bin/../lib/gcc/arm-none-eabi/6.3.1/thumb/v7e-m/crti.o
                                                  c:/program files (x86)/atmel/studio/7.0/toolchain/arm/arm-gnu-toolchain/bin/../lib/gcc/arm-none-eabi/6.3.1/../../../../arm-none-eabi/lib/thumb/v7e-m\libc.a(lib_a-fini.o)
_fstat                                            src/ASF/sam/utils/syscalls/gcc/syscalls.o
_getpid                                           src/ASF/sam/utils/syscalls/gcc/syscalls.o
_global_impure_ptr                                c:/program files (x86)/atmel/studio/7.0/toolchain/arm/arm-gnu-toolchain/bin/../lib/gcc/arm-none-eabi/6.3.1/../../../../arm-none-eabi/lib/thumb/v7e-m\libc.a(lib_a-impure.o)
                                                  c:/program files (x86)/atmel/studio/7.0/toolchain/arm/arm-gnu-toolchain/bin/../lib/gcc/arm-none-eabi/6.3.1/../../../../arm-none-eabi/lib/thumb/v7e-m\libc.a(lib_a-__atexit.o)
                                                  c:/program files (x86)/atmel/studio/7.0/toolchain/arm/arm-gnu-toolchain/bin/../lib/gcc/arm-none-eabi/6.3.1/../../../../arm-none-eabi/lib/thumb/v7e-m\libc.a(lib_a-__call_atexit.o)
                                                  c:/program files (x86)/atmel/studio/7.0/toolchain/arm/arm-gnu-toolchain/bin/../lib/gcc/arm-none-eabi/6.3.1/../../../../arm-none-eabi/lib/thumb/v7e-m\libc.a(lib_a-exit.o)
_impure_ptr                                       c:/program files (x86)/atmel/studio/7.0/toolchain/arm/arm-gnu-toolchain/bin/../lib/gcc/arm-none-eabi/6.3.1/../../../../arm-none-eabi/lib/thumb/v7e-m\libc.a(lib_a-impure.o)
_init                                             c:/program files (x86)/atmel/studio/7.0/toolchain/arm/arm-gnu-toolchain/bin/../lib/gcc/arm-none-eabi/6.3.1/thumb/v7e-m/crti.o
                                                  c:/program files (x86)/atmel/studio/7.0/toolchain/arm/arm-gnu-toolchain/bin/../lib/gcc/arm-none-eabi/6.3.1/../../../../arm-none-eabi/lib/thumb/v7e-m\libc.a(lib_a-init.o)
_isatty                                           src/ASF/sam/utils/syscalls/gcc/syscalls.o
_kill                                             src/ASF/sam/utils/syscalls/gcc/syscalls.o
_lseek                                            src/ASF/sam/utils/syscalls/gcc/syscalls.o
_mainCRTStartup                                   c:/program files (x86)/atmel/studio/7.0/toolchain/arm/arm-gnu-toolchain/bin/../lib/gcc/arm-none-eabi/6.3.1/../../../../arm-none-eabi/lib/thumb/v7e-m/crt0.o
_sbrk                                             src/ASF/sam/utils/syscalls/gcc/syscalls.o
_sfixed                                           src/ASF/sam/utils/cmsis/same70/source/templates/gcc/startup_same70.o
_srelocate                                        src/ASF/sam/utils/cmsis/same70/source/templates/gcc/startup_same70.o
_start                                            c:/program files (x86)/atmel/studio/7.0/toolchain/arm/arm-gnu-toolchain/bin/../lib/gcc/arm-none-eabi/6.3.1/../../../../arm-none-eabi/lib/thumb/v7e-m/crt0.o
_szero                                            src/ASF/sam/utils/cmsis/same70/source/templates/gcc/startup_same70.o
atexit                                            c:/program files (x86)/atmel/studio/7.0/toolchain/arm/arm-gnu-toolchain/bin/../lib/gcc/arm-none-eabi/6.3.1/../../../../arm-none-eabi/lib/thumb/v7e-m\libc.a(lib_a-atexit.o)
                                                  c:/program files (x86)/atmel/studio/7.0/toolchain/arm/arm-gnu-toolchain/bin/../lib/gcc/arm-none-eabi/6.3.1/../../../../arm-none-eabi/lib/thumb/v7e-m\libc.a(lib_a-__call_atexit.o)
                                                  c:/program files (x86)/atmel/studio/7.0/toolchain/arm/arm-gnu-toolchain/bin/../lib/gcc/arm-none-eabi/6.3.1/../../../../arm-none-eabi/lib/thumb/v7e-m/crt0.o
ba                                                src/main.o
ba1                                               src/main.o
cpu_irq_enter_critical                            src/ASF/common/utils/interrupt/interrupt_sam_nvic.o
cpu_irq_leave_critical                            src/ASF/common/utils/interrupt/interrupt_sam_nvic.o
exception_table                                   src/ASF/sam/utils/cmsis/same70/source/templates/gcc/startup_same70.o
exit                                              c:/program files (x86)/atmel/studio/7.0/toolchain/arm/arm-gnu-toolchain/bin/../lib/gcc/arm-none-eabi/6.3.1/../../../../arm-none-eabi/lib/thumb/v7e-m\libc.a(lib_a-exit.o)
                                                  c:/program files (x86)/atmel/studio/7.0/toolchain/arm/arm-gnu-toolchain/bin/../lib/gcc/arm-none-eabi/6.3.1/../../../../arm-none-eabi/lib/thumb/v7e-m/crt0.o
free                                              c:/program files (x86)/atmel/studio/7.0/toolchain/arm/arm-gnu-toolchain/bin/../lib/gcc/arm-none-eabi/6.3.1/../../../../arm-none-eabi/lib/thumb/v7e-m\libc.a(lib_a-__call_atexit.o)
freq                                              src/main.o
g_interrupt_enabled                               src/ASF/common/utils/interrupt/interrupt_sam_nvic.o
                                                  src/ASF/sam/utils/cmsis/same70/source/templates/gcc/startup_same70.o
                                                  src/ASF/sam/drivers/pmc/sleep.o
                                                  src/ASF/sam/drivers/mpu/mpu.o
hardware_init_hook                                c:/program files (x86)/atmel/studio/7.0/toolchain/arm/arm-gnu-toolchain/bin/../lib/gcc/arm-none-eabi/6.3.1/../../../../arm-none-eabi/lib/thumb/v7e-m/crt0.o
imperial_march_notes                              src/main.o
imperial_march_tempo                              src/main.o
init                                              src/main.o
link                                              src/ASF/sam/utils/syscalls/gcc/syscalls.o
main                                              src/main.o
                                                  src/ASF/sam/utils/cmsis/same70/source/templates/gcc/startup_same70.o
                                                  c:/program files (x86)/atmel/studio/7.0/toolchain/arm/arm-gnu-toolchain/bin/../lib/gcc/arm-none-eabi/6.3.1/../../../../arm-none-eabi/lib/thumb/v7e-m/crt0.o
malloc                                            c:/program files (x86)/atmel/studio/7.0/toolchain/arm/arm-gnu-toolchain/bin/../lib/gcc/arm-none-eabi/6.3.1/../../../../arm-none-eabi/lib/thumb/v7e-m\libc.a(lib_a-__atexit.o)
mario_theme_notes                                 src/main.o
mario_theme_tempo                                 src/main.o
memset                                            c:/program files (x86)/atmel/studio/7.0/toolchain/arm/arm-gnu-toolchain/bin/../lib/gcc/arm-none-eabi/6.3.1/../../../../arm-none-eabi/lib/thumb/v7e-m\libc.a(lib_a-memset.o)
                                                  c:/program files (x86)/atmel/studio/7.0/toolchain/arm/arm-gnu-toolchain/bin/../lib/gcc/arm-none-eabi/6.3.1/../../../../arm-none-eabi/lib/thumb/v7e-m/crt0.o
mpu_cal_mpu_region_size                           src/ASF/sam/drivers/mpu/mpu.o
mpu_disable_region                                src/ASF/sam/drivers/mpu/mpu.o
mpu_enable                                        src/ASF/sam/drivers/mpu/mpu.o
mpu_set_region                                    src/ASF/sam/drivers/mpu/mpu.o
mpu_set_region_num                                src/ASF/sam/drivers/mpu/mpu.o
mpu_update_regions                                src/ASF/sam/drivers/mpu/mpu.o
norm_play                                         src/main.o
pause_play                                        src/main.o
pio_capture_disable                               src/ASF/sam/drivers/pio/pio.o
pio_capture_disable_interrupt                     src/ASF/sam/drivers/pio/pio.o
pio_capture_enable                                src/ASF/sam/drivers/pio/pio.o
pio_capture_enable_flag                           src/ASF/sam/drivers/pio/pio.o
pio_capture_enable_interrupt                      src/ASF/sam/drivers/pio/pio.o
pio_capture_get_interrupt_mask                    src/ASF/sam/drivers/pio/pio.o
pio_capture_get_interrupt_status                  src/ASF/sam/drivers/pio/pio.o
pio_capture_read                                  src/ASF/sam/drivers/pio/pio.o
pio_capture_set_mode                              src/ASF/sam/drivers/pio/pio.o
pio_clear                                         src/ASF/sam/drivers/pio/pio.o
                                                  src/main.o
pio_configure                                     src/ASF/sam/drivers/pio/pio.o
                                                  src/main.o
pio_configure_interrupt                           src/ASF/sam/drivers/pio/pio.o
                                                  src/ASF/sam/drivers/pio/pio_handler.o
pio_configure_pin                                 src/ASF/sam/drivers/pio/pio.o
pio_configure_pin_group                           src/ASF/sam/drivers/pio/pio.o
pio_disable_interrupt                             src/ASF/sam/drivers/pio/pio.o
                                                  src/ASF/sam/drivers/pio/pio_handler.o
pio_disable_output_write                          src/ASF/sam/drivers/pio/pio.o
pio_disable_pin_interrupt                         src/ASF/sam/drivers/pio/pio.o
pio_enable_interrupt                              src/ASF/sam/drivers/pio/pio.o
                                                  src/main.o
                                                  src/ASF/sam/drivers/pio/pio_handler.o
pio_enable_output_write                           src/ASF/sam/drivers/pio/pio.o
pio_enable_pin_interrupt                          src/ASF/sam/drivers/pio/pio.o
pio_get                                           src/ASF/sam/drivers/pio/pio.o
pio_get_interrupt_mask                            src/ASF/sam/drivers/pio/pio.o
                                                  src/ASF/sam/drivers/pio/pio_handler.o
pio_get_interrupt_status                          src/ASF/sam/drivers/pio/pio.o
                                                  src/ASF/sam/drivers/pio/pio_handler.o
pio_get_multi_driver_status                       src/ASF/sam/drivers/pio/pio.o
pio_get_output_data_status                        src/ASF/sam/drivers/pio/pio.o
pio_get_output_write_status                       src/ASF/sam/drivers/pio/pio.o
pio_get_pin_group                                 src/ASF/sam/drivers/pio/pio.o
                                                  src/ASF/sam/drivers/pio/pio_handler.o
pio_get_pin_group_id                              src/ASF/sam/drivers/pio/pio.o
                                                  src/ASF/sam/drivers/pio/pio_handler.o
pio_get_pin_group_mask                            src/ASF/sam/drivers/pio/pio.o
                                                  src/ASF/sam/drivers/pio/pio_handler.o
pio_get_pin_value                                 src/ASF/sam/drivers/pio/pio.o
pio_get_schmitt_trigger                           src/ASF/sam/drivers/pio/pio.o
pio_get_writeprotect_status                       src/ASF/sam/drivers/pio/pio.o
pio_handler_process                               src/ASF/sam/drivers/pio/pio_handler.o
pio_handler_set                                   src/ASF/sam/drivers/pio/pio_handler.o
                                                  src/main.o
pio_handler_set_pin                               src/ASF/sam/drivers/pio/pio_handler.o
pio_handler_set_priority                          src/ASF/sam/drivers/pio/pio_handler.o
pio_pull_down                                     src/ASF/sam/drivers/pio/pio.o
pio_pull_up                                       src/ASF/sam/drivers/pio/pio.o
pio_set                                           src/ASF/sam/drivers/pio/pio.o
                                                  src/main.o
pio_set_additional_interrupt_mode                 src/ASF/sam/drivers/pio/pio.o
pio_set_debounce_filter                           src/ASF/sam/drivers/pio/pio.o
pio_set_input                                     src/ASF/sam/drivers/pio/pio.o
                                                  src/main.o
pio_set_io_drive                                  src/ASF/sam/drivers/pio/pio.o
pio_set_multi_driver                              src/ASF/sam/drivers/pio/pio.o
pio_set_output                                    src/ASF/sam/drivers/pio/pio.o
                                                  src/main.o
pio_set_peripheral                                src/ASF/sam/drivers/pio/pio.o
pio_set_pin_group_high                            src/ASF/sam/drivers/pio/pio.o
pio_set_pin_group_low                             src/ASF/sam/drivers/pio/pio.o
pio_set_pin_high                                  src/ASF/sam/drivers/pio/pio.o
pio_set_pin_low                                   src/ASF/sam/drivers/pio/pio.o
pio_set_schmitt_trigger                           src/ASF/sam/drivers/pio/pio.o
pio_set_writeprotect                              src/ASF/sam/drivers/pio/pio.o
pio_sync_output_write                             src/ASF/sam/drivers/pio/pio.o
pio_toggle_pin                                    src/ASF/sam/drivers/pio/pio.o
pio_toggle_pin_group                              src/ASF/sam/drivers/pio/pio.o
pirate_notes                                      src/main.o
pirate_tempo                                      src/main.o
pmc_clr_fast_startup_input                        src/ASF/sam/drivers/pmc/pmc.o
pmc_disable_all_pck                               src/ASF/sam/drivers/pmc/pmc.o
pmc_disable_all_periph_clk                        src/ASF/sam/drivers/pmc/pmc.o
pmc_disable_clock_failure_detector                src/ASF/sam/drivers/pmc/pmc.o
pmc_disable_interrupt                             src/ASF/sam/drivers/pmc/pmc.o
pmc_disable_pck                                   src/ASF/sam/drivers/pmc/pmc.o
pmc_disable_periph_clk                            src/ASF/sam/drivers/pmc/pmc.o
pmc_disable_pllack                                src/ASF/sam/drivers/pmc/pmc.o
                                                  src/ASF/sam/drivers/pmc/sleep.o
                                                  src/ASF/common/services/clock/same70/sysclk.o
pmc_disable_sclk_osc_freq_monitor                 src/ASF/sam/drivers/pmc/pmc.o
pmc_disable_sleepwalking                          src/ASF/sam/drivers/pmc/pmc.o
pmc_disable_udpck                                 src/ASF/sam/drivers/pmc/pmc.o
                                                  src/ASF/common/services/clock/same70/sysclk.o
pmc_disable_upll_clock                            src/ASF/sam/drivers/pmc/pmc.o
pmc_enable_all_pck                                src/ASF/sam/drivers/pmc/pmc.o
pmc_enable_all_periph_clk                         src/ASF/sam/drivers/pmc/pmc.o
pmc_enable_backupmode                             src/ASF/sam/drivers/pmc/pmc.o
pmc_enable_clock_failure_detector                 src/ASF/sam/drivers/pmc/pmc.o
pmc_enable_interrupt                              src/ASF/sam/drivers/pmc/pmc.o
pmc_enable_pck                                    src/ASF/sam/drivers/pmc/pmc.o
pmc_enable_periph_clk                             src/ASF/sam/drivers/pmc/pmc.o
                                                  src/main.o
pmc_enable_pllack                                 src/ASF/sam/drivers/pmc/pmc.o
pmc_enable_sclk_osc_freq_monitor                  src/ASF/sam/drivers/pmc/pmc.o
pmc_enable_sleepmode                              src/ASF/sam/drivers/pmc/pmc.o
pmc_enable_sleepwalking                           src/ASF/sam/drivers/pmc/pmc.o
pmc_enable_udpck                                  src/ASF/sam/drivers/pmc/pmc.o
                                                  src/ASF/common/services/clock/same70/sysclk.o
pmc_enable_upll_clock                             src/ASF/sam/drivers/pmc/pmc.o
                                                  src/ASF/common/services/clock/same70/sysclk.o
pmc_enable_waitmode                               src/ASF/sam/drivers/pmc/pmc.o
                                                  src/ASF/sam/drivers/pmc/sleep.o
pmc_get_active_status0                            src/ASF/sam/drivers/pmc/pmc.o
pmc_get_active_status1                            src/ASF/sam/drivers/pmc/pmc.o
pmc_get_interrupt_mask                            src/ASF/sam/drivers/pmc/pmc.o
pmc_get_sleepwalking_status0                      src/ASF/sam/drivers/pmc/pmc.o
pmc_get_sleepwalking_status1                      src/ASF/sam/drivers/pmc/pmc.o
pmc_get_status                                    src/ASF/sam/drivers/pmc/pmc.o
pmc_get_writeprotect_status                       src/ASF/sam/drivers/pmc/pmc.o
pmc_is_locked_pllack                              src/ASF/sam/drivers/pmc/pmc.o
                                                  src/ASF/common/services/clock/same70/sysclk.o
pmc_is_locked_upll                                src/ASF/sam/drivers/pmc/pmc.o
pmc_is_pck_enabled                                src/ASF/sam/drivers/pmc/pmc.o
pmc_is_periph_clk_enabled                         src/ASF/sam/drivers/pmc/pmc.o
pmc_is_wakeup_clocks_restored                     src/ASF/sam/drivers/pmc/sleep.o
pmc_mainck_osc_select                             src/ASF/sam/drivers/pmc/pmc.o
pmc_mck_set_division                              src/ASF/sam/drivers/pmc/pmc.o
                                                  src/ASF/common/services/clock/same70/sysclk.o
pmc_mck_set_prescaler                             src/ASF/sam/drivers/pmc/pmc.o
                                                  src/ASF/common/services/clock/same70/sysclk.o
pmc_mck_set_source                                src/ASF/sam/drivers/pmc/pmc.o
                                                  src/ASF/common/services/clock/same70/sysclk.o
pmc_osc_bypass_main_xtal                          src/ASF/sam/drivers/pmc/pmc.o
pmc_osc_disable_fastrc                            src/ASF/sam/drivers/pmc/pmc.o
pmc_osc_disable_main_xtal                         src/ASF/sam/drivers/pmc/pmc.o
pmc_osc_disable_xtal                              src/ASF/sam/drivers/pmc/pmc.o
pmc_osc_enable_fastrc                             src/ASF/sam/drivers/pmc/pmc.o
pmc_osc_enable_main_xtal                          src/ASF/sam/drivers/pmc/pmc.o
pmc_osc_is_bypassed_main_xtal                     src/ASF/sam/drivers/pmc/pmc.o
pmc_osc_is_ready_32kxtal                          src/ASF/sam/drivers/pmc/pmc.o
pmc_osc_is_ready_fastrc                           src/ASF/sam/drivers/pmc/pmc.o
pmc_osc_is_ready_main_xtal                        src/ASF/sam/drivers/pmc/pmc.o
pmc_osc_is_ready_mainck                           src/ASF/sam/drivers/pmc/pmc.o
                                                  src/ASF/common/services/clock/same70/sysclk.o
pmc_pck_set_prescaler                             src/ASF/sam/drivers/pmc/pmc.o
pmc_pck_set_source                                src/ASF/sam/drivers/pmc/pmc.o
pmc_set_fast_startup_input                        src/ASF/sam/drivers/pmc/pmc.o
pmc_set_flash_in_wait_mode                        src/ASF/sam/drivers/pmc/pmc.o
                                                  src/ASF/sam/drivers/pmc/sleep.o
pmc_set_writeprotect                              src/ASF/sam/drivers/pmc/pmc.o
pmc_sleep                                         src/ASF/sam/drivers/pmc/sleep.o
                                                  src/main.o
pmc_switch_mainck_to_fastrc                       src/ASF/sam/drivers/pmc/pmc.o
pmc_switch_mainck_to_xtal                         src/ASF/sam/drivers/pmc/pmc.o
                                                  src/ASF/common/services/clock/same70/sysclk.o
pmc_switch_mck_to_mainck                          src/ASF/sam/drivers/pmc/pmc.o
pmc_switch_mck_to_pllack                          src/ASF/sam/drivers/pmc/pmc.o
                                                  src/ASF/common/services/clock/same70/sysclk.o
pmc_switch_mck_to_sclk                            src/ASF/sam/drivers/pmc/pmc.o